[Tue Apr 25 12:59:14 2023] Linux version 6.3.0-rc6 (root@sr0) (gcc (GCC) 12.2.1 20220819 (Red Hat 12.2.1-2), GNU ld version 2.37-36.fc36) #11 SMP PREEMPT_DYNAMIC Mon Apr 10 12:32:02 PDT 2023
[Tue Apr 25 12:59:14 2023] Command line: BOOT_IMAGE=(hd0,gpt2)/vmlinuz-6.3.0-rc6 root=/dev/mapper/fedora_fedora-root ro rd.lvm.lv=fedora_fedora/root memhp_default_state=offline rhgb quiet
[Tue Apr 25 12:59:14 2023] x86/split lock detection: #AC: crashing the kernel on kernel split_locks and warning on user-space split_locks
[Tue Apr 25 12:59:14 2023] x86/fpu: Supporting XSAVE feature 0x001: 'x87 floating point registers'
[Tue Apr 25 12:59:14 2023] x86/fpu: Supporting XSAVE feature 0x002: 'SSE registers'
[Tue Apr 25 12:59:14 2023] x86/fpu: Supporting XSAVE feature 0x004: 'AVX registers'
[Tue Apr 25 12:59:14 2023] x86/fpu: Supporting XSAVE feature 0x020: 'AVX-512 opmask'
[Tue Apr 25 12:59:14 2023] x86/fpu: Supporting XSAVE feature 0x040: 'AVX-512 Hi256'
[Tue Apr 25 12:59:14 2023] x86/fpu: Supporting XSAVE feature 0x080: 'AVX-512 ZMM_Hi256'
[Tue Apr 25 12:59:14 2023] x86/fpu: Supporting XSAVE feature 0x200: 'Protection Keys User registers'
[Tue Apr 25 12:59:14 2023] x86/fpu: Supporting XSAVE feature 0x400: 'PASID state'
[Tue Apr 25 12:59:14 2023] x86/fpu: Supporting XSAVE feature 0x20000: 'AMX Tile config'
[Tue Apr 25 12:59:14 2023] x86/fpu: Supporting XSAVE feature 0x40000: 'AMX Tile data'
[Tue Apr 25 12:59:14 2023] x86/fpu: xstate_offset[2]:  576, xstate_sizes[2]:  256
[Tue Apr 25 12:59:14 2023] x86/fpu: xstate_offset[5]:  832, xstate_sizes[5]:   64
[Tue Apr 25 12:59:14 2023] x86/fpu: xstate_offset[6]:  896, xstate_sizes[6]:  512
[Tue Apr 25 12:59:14 2023] x86/fpu: xstate_offset[7]: 1408, xstate_sizes[7]: 1024
[Tue Apr 25 12:59:14 2023] x86/fpu: xstate_offset[9]: 2432, xstate_sizes[9]:    8
[Tue Apr 25 12:59:14 2023] x86/fpu: xstate_offset[10]: 2440, xstate_sizes[10]:    8
[Tue Apr 25 12:59:14 2023] x86/fpu: xstate_offset[17]: 2496, xstate_sizes[17]:   64
[Tue Apr 25 12:59:14 2023] x86/fpu: xstate_offset[18]: 2560, xstate_sizes[18]: 8192
[Tue Apr 25 12:59:14 2023] x86/fpu: Enabled xstate features 0x606e7, context size is 10752 bytes, using 'compacted' format.
[Tue Apr 25 12:59:14 2023] signal: max sigframe size: 11952
[Tue Apr 25 12:59:14 2023] BIOS-provided physical RAM map:
[Tue Apr 25 12:59:14 2023] BIOS-e820: [mem 0x0000000000000000-0x000000000009efff] usable
[Tue Apr 25 12:59:14 2023] BIOS-e820: [mem 0x000000000009f000-0x00000000000fffff] reserved
[Tue Apr 25 12:59:14 2023] BIOS-e820: [mem 0x0000000000100000-0x0000000072797fff] usable
[Tue Apr 25 12:59:14 2023] BIOS-e820: [mem 0x0000000072798000-0x0000000074874fff] reserved
[Tue Apr 25 12:59:14 2023] BIOS-e820: [mem 0x0000000074875000-0x00000000772b3fff] ACPI NVS
[Tue Apr 25 12:59:14 2023] BIOS-e820: [mem 0x00000000772b4000-0x00000000777fefff] ACPI data
[Tue Apr 25 12:59:14 2023] BIOS-e820: [mem 0x00000000777ff000-0x00000000777fffff] usable
[Tue Apr 25 12:59:14 2023] BIOS-e820: [mem 0x0000000077800000-0x000000008fffffff] reserved
[Tue Apr 25 12:59:14 2023] BIOS-e820: [mem 0x00000000fe010000-0x00000000fe010fff] reserved
[Tue Apr 25 12:59:14 2023] BIOS-e820: [mem 0x0000000100000000-0x000000307fffffff] usable
[Tue Apr 25 12:59:14 2023] BIOS-e820: [mem 0x0000003080000000-0x000000407fffffff] soft reserved
[Tue Apr 25 12:59:14 2023] NX (Execute Disable) protection: active
[Tue Apr 25 12:59:14 2023] e820: update [mem 0x66097018-0x6609e257] usable ==> usable
[Tue Apr 25 12:59:14 2023] e820: update [mem 0x66097018-0x6609e257] usable ==> usable
[Tue Apr 25 12:59:14 2023] extended physical RAM map:
[Tue Apr 25 12:59:14 2023] reserve setup_data: [mem 0x0000000000000000-0x000000000009efff] usable
[Tue Apr 25 12:59:14 2023] reserve setup_data: [mem 0x000000000009f000-0x00000000000fffff] reserved
[Tue Apr 25 12:59:14 2023] reserve setup_data: [mem 0x0000000000100000-0x0000000066097017] usable
[Tue Apr 25 12:59:14 2023] reserve setup_data: [mem 0x0000000066097018-0x000000006609e257] usable
[Tue Apr 25 12:59:14 2023] reserve setup_data: [mem 0x000000006609e258-0x0000000072797fff] usable
[Tue Apr 25 12:59:14 2023] reserve setup_data: [mem 0x0000000072798000-0x0000000074874fff] reserved
[Tue Apr 25 12:59:14 2023] reserve setup_data: [mem 0x0000000074875000-0x00000000772b3fff] ACPI NVS
[Tue Apr 25 12:59:14 2023] reserve setup_data: [mem 0x00000000772b4000-0x00000000777fefff] ACPI data
[Tue Apr 25 12:59:14 2023] reserve setup_data: [mem 0x00000000777ff000-0x00000000777fffff] usable
[Tue Apr 25 12:59:14 2023] reserve setup_data: [mem 0x0000000077800000-0x000000008fffffff] reserved
[Tue Apr 25 12:59:14 2023] reserve setup_data: [mem 0x00000000fe010000-0x00000000fe010fff] reserved
[Tue Apr 25 12:59:14 2023] reserve setup_data: [mem 0x0000000100000000-0x000000307fffffff] usable
[Tue Apr 25 12:59:14 2023] reserve setup_data: [mem 0x0000003080000000-0x000000407fffffff] soft reserved
[Tue Apr 25 12:59:14 2023] efi: EFI v2.7 by EDK II
[Tue Apr 25 12:59:14 2023] efi: ACPI=0x777fe000 ACPI 2.0=0x777fe014 SMBIOS=0x72837000 SMBIOS 3.0=0x72835000 TPMFinalLog=0x770f6000 MEMATTR=0x66254018 MOKvar=0x727f2000 RNG=0x773c1018 TPMEventLog=0x660a0018 
[Tue Apr 25 12:59:14 2023] random: crng init done
[Tue Apr 25 12:59:14 2023] efi: Remove mem297: MMIO range=[0x80000000-0x8fffffff] (256MB) from e820 map
[Tue Apr 25 12:59:14 2023] e820: remove [mem 0x80000000-0x8fffffff] reserved
[Tue Apr 25 12:59:14 2023] efi: Not removing mem298: MMIO range=[0xfe010000-0xfe010fff] (4KB) from e820 map
[Tue Apr 25 12:59:14 2023] SMBIOS 3.2.0 present.
[Tue Apr 25 12:59:14 2023] DMI: Intel Corporation ArcherCity/ArcherCity, BIOS EGSDCRB1.SYS.0080.D21.2205151329 05/15/2022
[Tue Apr 25 12:59:14 2023] tsc: Detected 2000.000 MHz processor
[Tue Apr 25 12:59:14 2023] e820: update [mem 0x00000000-0x00000fff] usable ==> reserved
[Tue Apr 25 12:59:14 2023] e820: remove [mem 0x000a0000-0x000fffff] usable
[Tue Apr 25 12:59:14 2023] last_pfn = 0x3080000 max_arch_pfn = 0x10000000000
[Tue Apr 25 12:59:14 2023] x86/PAT: Configuration [0-7]: WB  WC  UC- UC  WB  WP  UC- WT  
[Tue Apr 25 12:59:14 2023] e820: update [mem 0x80000000-0xffffffff] usable ==> reserved
[Tue Apr 25 12:59:14 2023] x2apic: enabled by BIOS, switching to x2apic ops
[Tue Apr 25 12:59:14 2023] unchecked MSR access error: RDMSR from 0xbd at rIP: 0xffffffff9a089c23 (native_read_msr+0x3/0x30)
[Tue Apr 25 12:59:14 2023] Call Trace:
[Tue Apr 25 12:59:14 2023]  <TASK>
[Tue Apr 25 12:59:14 2023]  ? check_x2apic+0xbf/0xe0
[Tue Apr 25 12:59:14 2023]  ? setup_arch+0x792/0x1120
[Tue Apr 25 12:59:14 2023]  ? slab_is_available+0x5/0x20
[Tue Apr 25 12:59:14 2023]  ? security_add_hooks+0x4f/0x80
[Tue Apr 25 12:59:14 2023]  ? start_kernel+0x69/0xb70
[Tue Apr 25 12:59:14 2023]  ? secondary_startup_64_no_verify+0xe5/0xeb
[Tue Apr 25 12:59:14 2023]  </TASK>
[Tue Apr 25 12:59:14 2023] last_pfn = 0x77800 max_arch_pfn = 0x10000000000
[Tue Apr 25 12:59:14 2023] Using GB pages for direct mapping
[Tue Apr 25 12:59:14 2023] Secure boot disabled
[Tue Apr 25 12:59:14 2023] RAMDISK: [mem 0x5ee41000-0x64d92fff]
[Tue Apr 25 12:59:14 2023] ACPI: Early table checksum verification disabled
[Tue Apr 25 12:59:14 2023] ACPI: RSDP 0x00000000777FE014 000024 (v02 INTEL )
[Tue Apr 25 12:59:14 2023] ACPI: XSDT 0x000000007771E188 000134 (v01 INTEL  INTEL ID 00000000 INTL 01000013)
[Tue Apr 25 12:59:14 2023] ACPI: FACP 0x00000000777EF000 000114 (v06 INTEL  INTEL ID 00000000 INTL 20091013)
[Tue Apr 25 12:59:14 2023] ACPI: DSDT 0x0000000077728000 0C1581 (v02 INTEL  INTEL ID 00000003 INTL 20091013)
[Tue Apr 25 12:59:14 2023] ACPI: FACS 0x00000000770E7000 000040
[Tue Apr 25 12:59:14 2023] ACPI: SSDT 0x00000000777FC000 00015B (v02 INTEL  PRMOPREG 00001000 INTL 20210331)
[Tue Apr 25 12:59:14 2023] ACPI: SSDT 0x00000000777FB000 000145 (v02 INTEL  PRMSAMPL 00001000 INTL 20210331)
[Tue Apr 25 12:59:14 2023] ACPI: CEDT 0x00000000777FA000 000044 (v01 INTEL  INTEL ID 00000002 INTL 01000013)
[Tue Apr 25 12:59:14 2023] ACPI: SSDT 0x00000000777F9000 0004C5 (v02 INTEL  INTEL ID 00000000 MSFT 0100000D)
[Tue Apr 25 12:59:14 2023] ACPI: SSDT 0x00000000777F8000 0006FE (v02 INTEL  RAS_ACPI 00000001 INTL 20210331)
[Tue Apr 25 12:59:14 2023] ACPI: SSDT 0x00000000777F7000 000859 (v02 INTEL  ADDRXLAT 00000001 INTL 20210331)
[Tue Apr 25 12:59:14 2023] ACPI: SSDT 0x00000000777F6000 00040B (v02 INTEL  SruTable 00001000 INTL 20210331)
[Tue Apr 25 12:59:14 2023] ACPI: SSDT 0x00000000777F5000 00039C (v02 INTEL  SstsTbl  00001000 INTL 20210331)
[Tue Apr 25 12:59:14 2023] ACPI: SSDT 0x00000000777F4000 000632 (v02 INTEL  Tpm2Tabl 00001000 INTL 20210331)
[Tue Apr 25 12:59:14 2023] ACPI: TPM2 0x00000000777F3000 00004C (v04 INTEL  INTEL ID 00000002 INTL 01000013)
[Tue Apr 25 12:59:14 2023] ACPI: BERT 0x00000000777F2000 000030 (v01 INTEL  INTEL ID 00000001 INTL 00000001)
[Tue Apr 25 12:59:14 2023] ACPI: ERST 0x00000000777F1000 000230 (v01 INTEL  INTEL ID 00000001 INTL 00000001)
[Tue Apr 25 12:59:14 2023] ACPI: BDAT 0x00000000777F0000 000030 (v01 INTEL  INTEL ID 00000000 INTL 20091013)
[Tue Apr 25 12:59:14 2023] ACPI: HPET 0x00000000777EE000 000038 (v01 INTEL  INTEL ID 00000001 INTL 20091013)
[Tue Apr 25 12:59:14 2023] ACPI: MCFG 0x00000000777ED000 00003C (v01 INTEL  INTEL ID 00000001 INTL 20091013)
[Tue Apr 25 12:59:14 2023] ACPI: MSCT 0x00000000777EC000 000090 (v01 INTEL  INTEL ID 00000001 INTL 20091013)
[Tue Apr 25 12:59:14 2023] ACPI: WDDT 0x00000000777EB000 000040 (v01 INTEL  INTEL ID 00000000 INTL 20091013)
[Tue Apr 25 12:59:14 2023] ACPI: WSMT 0x00000000777EA000 000028 (v01 INTEL  INTEL ID 00000000 INTL 20091013)
[Tue Apr 25 12:59:14 2023] ACPI: APIC 0x0000000077727000 000D5E (v04 INTEL  INTEL ID 00000000 INTL 20091013)
[Tue Apr 25 12:59:14 2023] ACPI: OEM4 0x0000000077595000 187A51 (v02 INTEL  CPU  CST 00003000 INTL 20210331)
[Tue Apr 25 12:59:14 2023] ACPI: OEM1 0x0000000077481000 113479 (v02 INTEL  CPU EIST 00003000 INTL 20210331)
[Tue Apr 25 12:59:14 2023] ACPI: OEM2 0x000000007743A000 046031 (v02 INTEL  CPU  HWP 00003000 INTL 20210331)
[Tue Apr 25 12:59:14 2023] ACPI: SSDT 0x00000000773D0000 069895 (v02 INTEL  SSDT  PM 00004000 INTL 20210331)
[Tue Apr 25 12:59:14 2023] ACPI: SSDT 0x00000000773CF000 000957 (v02 INTEL  INTEL ID 00000000 INTL 20091013)
[Tue Apr 25 12:59:14 2023] ACPI: HEST 0x00000000773CE000 00013C (v01 INTEL  INTEL ID 00000001 INTL 00000001)
[Tue Apr 25 12:59:14 2023] ACPI: DMAR 0x00000000773CD000 000510 (v01 INTEL  INTEL ID 00000001 INTL 20091013)
[Tue Apr 25 12:59:14 2023] ACPI: FPDT 0x00000000773CC000 000044 (v01 INTEL  INTEL ID 00000002 INTL 01000013)
[Tue Apr 25 12:59:14 2023] ACPI: PRMT 0x00000000773CB000 000138 (v00 INTEL  INTEL ID 00000002 INTL 01000013)
[Tue Apr 25 12:59:14 2023] ACPI: SSDT 0x00000000773C3000 0078BA (v02 INTEL  SpsNm    00000002 INTL 20210331)
[Tue Apr 25 12:59:14 2023] ACPI: SPCR 0x00000000773C2000 000050 (v02 INTEL  INTEL ID 00000000 INTL 01000013)
[Tue Apr 25 12:59:14 2023] ACPI: SRAT 0x000000007771F000 007858 (v03 INTEL  INTEL ID 00000002 INTL 01000013)
[Tue Apr 25 12:59:14 2023] ACPI: SLIT 0x00000000777FD000 000035 (v01 INTEL  INTEL ID 00000002 INTL 01000013)
[Tue Apr 25 12:59:14 2023] ACPI: HMAT 0x000000007771D000 0001A0 (v02 INTEL  INTEL ID 00000002 INTL 01000013)
[Tue Apr 25 12:59:14 2023] ACPI: Reserving FACP table memory at [mem 0x777ef000-0x777ef113]
[Tue Apr 25 12:59:14 2023] ACPI: Reserving DSDT table memory at [mem 0x77728000-0x777e9580]
[Tue Apr 25 12:59:14 2023] ACPI: Reserving FACS table memory at [mem 0x770e7000-0x770e703f]
[Tue Apr 25 12:59:14 2023] ACPI: Reserving SSDT table memory at [mem 0x777fc000-0x777fc15a]
[Tue Apr 25 12:59:14 2023] ACPI: Reserving SSDT table memory at [mem 0x777fb000-0x777fb144]
[Tue Apr 25 12:59:14 2023] ACPI: Reserving CEDT table memory at [mem 0x777fa000-0x777fa043]
[Tue Apr 25 12:59:14 2023] ACPI: Reserving SSDT table memory at [mem 0x777f9000-0x777f94c4]
[Tue Apr 25 12:59:14 2023] ACPI: Reserving SSDT table memory at [mem 0x777f8000-0x777f86fd]
[Tue Apr 25 12:59:14 2023] ACPI: Reserving SSDT table memory at [mem 0x777f7000-0x777f7858]
[Tue Apr 25 12:59:14 2023] ACPI: Reserving SSDT table memory at [mem 0x777f6000-0x777f640a]
[Tue Apr 25 12:59:14 2023] ACPI: Reserving SSDT table memory at [mem 0x777f5000-0x777f539b]
[Tue Apr 25 12:59:14 2023] ACPI: Reserving SSDT table memory at [mem 0x777f4000-0x777f4631]
[Tue Apr 25 12:59:14 2023] ACPI: Reserving TPM2 table memory at [mem 0x777f3000-0x777f304b]
[Tue Apr 25 12:59:14 2023] ACPI: Reserving BERT table memory at [mem 0x777f2000-0x777f202f]
[Tue Apr 25 12:59:14 2023] ACPI: Reserving ERST table memory at [mem 0x777f1000-0x777f122f]
[Tue Apr 25 12:59:14 2023] ACPI: Reserving BDAT table memory at [mem 0x777f0000-0x777f002f]
[Tue Apr 25 12:59:14 2023] ACPI: Reserving HPET table memory at [mem 0x777ee000-0x777ee037]
[Tue Apr 25 12:59:14 2023] ACPI: Reserving MCFG table memory at [mem 0x777ed000-0x777ed03b]
[Tue Apr 25 12:59:14 2023] ACPI: Reserving MSCT table memory at [mem 0x777ec000-0x777ec08f]
[Tue Apr 25 12:59:14 2023] ACPI: Reserving WDDT table memory at [mem 0x777eb000-0x777eb03f]
[Tue Apr 25 12:59:14 2023] ACPI: Reserving WSMT table memory at [mem 0x777ea000-0x777ea027]
[Tue Apr 25 12:59:14 2023] ACPI: Reserving APIC table memory at [mem 0x77727000-0x77727d5d]
[Tue Apr 25 12:59:14 2023] ACPI: Reserving OEM4 table memory at [mem 0x77595000-0x7771ca50]
[Tue Apr 25 12:59:14 2023] ACPI: Reserving OEM1 table memory at [mem 0x77481000-0x77594478]
[Tue Apr 25 12:59:14 2023] ACPI: Reserving OEM2 table memory at [mem 0x7743a000-0x77480030]
[Tue Apr 25 12:59:14 2023] ACPI: Reserving SSDT table memory at [mem 0x773d0000-0x77439894]
[Tue Apr 25 12:59:14 2023] ACPI: Reserving SSDT table memory at [mem 0x773cf000-0x773cf956]
[Tue Apr 25 12:59:14 2023] ACPI: Reserving HEST table memory at [mem 0x773ce000-0x773ce13b]
[Tue Apr 25 12:59:14 2023] ACPI: Reserving DMAR table memory at [mem 0x773cd000-0x773cd50f]
[Tue Apr 25 12:59:14 2023] ACPI: Reserving FPDT table memory at [mem 0x773cc000-0x773cc043]
[Tue Apr 25 12:59:14 2023] ACPI: Reserving PRMT table memory at [mem 0x773cb000-0x773cb137]
[Tue Apr 25 12:59:14 2023] ACPI: Reserving SSDT table memory at [mem 0x773c3000-0x773ca8b9]
[Tue Apr 25 12:59:14 2023] ACPI: Reserving SPCR table memory at [mem 0x773c2000-0x773c204f]
[Tue Apr 25 12:59:14 2023] ACPI: Reserving SRAT table memory at [mem 0x7771f000-0x77726857]
[Tue Apr 25 12:59:14 2023] ACPI: Reserving SLIT table memory at [mem 0x777fd000-0x777fd034]
[Tue Apr 25 12:59:14 2023] ACPI: Reserving HMAT table memory at [mem 0x7771d000-0x7771d19f]
[Tue Apr 25 12:59:14 2023] Setting APIC routing to cluster x2apic.
[Tue Apr 25 12:59:14 2023] SRAT: PXM 0 -> APIC 0x0000 -> Node 0
[Tue Apr 25 12:59:14 2023] SRAT: PXM 0 -> APIC 0x0001 -> Node 0
[Tue Apr 25 12:59:14 2023] SRAT: PXM 0 -> APIC 0x0002 -> Node 0
[Tue Apr 25 12:59:14 2023] SRAT: PXM 0 -> APIC 0x0003 -> Node 0
[Tue Apr 25 12:59:14 2023] SRAT: PXM 0 -> APIC 0x0004 -> Node 0
[Tue Apr 25 12:59:14 2023] SRAT: PXM 0 -> APIC 0x0005 -> Node 0
[Tue Apr 25 12:59:14 2023] SRAT: PXM 0 -> APIC 0x0006 -> Node 0
[Tue Apr 25 12:59:14 2023] SRAT: PXM 0 -> APIC 0x0007 -> Node 0
[Tue Apr 25 12:59:14 2023] SRAT: PXM 0 -> APIC 0x0008 -> Node 0
[Tue Apr 25 12:59:14 2023] SRAT: PXM 0 -> APIC 0x0009 -> Node 0
[Tue Apr 25 12:59:14 2023] SRAT: PXM 0 -> APIC 0x000a -> Node 0
[Tue Apr 25 12:59:14 2023] SRAT: PXM 0 -> APIC 0x000b -> Node 0
[Tue Apr 25 12:59:14 2023] SRAT: PXM 0 -> APIC 0x000c -> Node 0
[Tue Apr 25 12:59:14 2023] SRAT: PXM 0 -> APIC 0x000d -> Node 0
[Tue Apr 25 12:59:14 2023] SRAT: PXM 0 -> APIC 0x000e -> Node 0
[Tue Apr 25 12:59:14 2023] SRAT: PXM 0 -> APIC 0x000f -> Node 0
[Tue Apr 25 12:59:14 2023] SRAT: PXM 0 -> APIC 0x0010 -> Node 0
[Tue Apr 25 12:59:14 2023] SRAT: PXM 0 -> APIC 0x0011 -> Node 0
[Tue Apr 25 12:59:14 2023] SRAT: PXM 0 -> APIC 0x0012 -> Node 0
[Tue Apr 25 12:59:14 2023] SRAT: PXM 0 -> APIC 0x0013 -> Node 0
[Tue Apr 25 12:59:14 2023] SRAT: PXM 0 -> APIC 0x0014 -> Node 0
[Tue Apr 25 12:59:14 2023] SRAT: PXM 0 -> APIC 0x0015 -> Node 0
[Tue Apr 25 12:59:14 2023] SRAT: PXM 0 -> APIC 0x0016 -> Node 0
[Tue Apr 25 12:59:14 2023] SRAT: PXM 0 -> APIC 0x0017 -> Node 0
[Tue Apr 25 12:59:14 2023] SRAT: PXM 0 -> APIC 0x0018 -> Node 0
[Tue Apr 25 12:59:14 2023] SRAT: PXM 0 -> APIC 0x0019 -> Node 0
[Tue Apr 25 12:59:14 2023] SRAT: PXM 0 -> APIC 0x001a -> Node 0
[Tue Apr 25 12:59:14 2023] SRAT: PXM 0 -> APIC 0x001b -> Node 0
[Tue Apr 25 12:59:14 2023] SRAT: PXM 0 -> APIC 0x001c -> Node 0
[Tue Apr 25 12:59:14 2023] SRAT: PXM 0 -> APIC 0x001d -> Node 0
[Tue Apr 25 12:59:14 2023] SRAT: PXM 0 -> APIC 0x001e -> Node 0
[Tue Apr 25 12:59:14 2023] SRAT: PXM 0 -> APIC 0x001f -> Node 0
[Tue Apr 25 12:59:14 2023] SRAT: PXM 0 -> APIC 0x0020 -> Node 0
[Tue Apr 25 12:59:14 2023] SRAT: PXM 0 -> APIC 0x0021 -> Node 0
[Tue Apr 25 12:59:14 2023] SRAT: PXM 0 -> APIC 0x0022 -> Node 0
[Tue Apr 25 12:59:14 2023] SRAT: PXM 0 -> APIC 0x0023 -> Node 0
[Tue Apr 25 12:59:14 2023] SRAT: PXM 0 -> APIC 0x0024 -> Node 0
[Tue Apr 25 12:59:14 2023] SRAT: PXM 0 -> APIC 0x0025 -> Node 0
[Tue Apr 25 12:59:14 2023] SRAT: PXM 0 -> APIC 0x0026 -> Node 0
[Tue Apr 25 12:59:14 2023] SRAT: PXM 0 -> APIC 0x0027 -> Node 0
[Tue Apr 25 12:59:14 2023] SRAT: PXM 0 -> APIC 0x0028 -> Node 0
[Tue Apr 25 12:59:14 2023] SRAT: PXM 0 -> APIC 0x0029 -> Node 0
[Tue Apr 25 12:59:14 2023] SRAT: PXM 0 -> APIC 0x002a -> Node 0
[Tue Apr 25 12:59:14 2023] SRAT: PXM 0 -> APIC 0x002b -> Node 0
[Tue Apr 25 12:59:14 2023] SRAT: PXM 0 -> APIC 0x002c -> Node 0
[Tue Apr 25 12:59:14 2023] SRAT: PXM 0 -> APIC 0x002d -> Node 0
[Tue Apr 25 12:59:14 2023] SRAT: PXM 0 -> APIC 0x002e -> Node 0
[Tue Apr 25 12:59:14 2023] SRAT: PXM 0 -> APIC 0x002f -> Node 0
[Tue Apr 25 12:59:14 2023] SRAT: PXM 0 -> APIC 0x0030 -> Node 0
[Tue Apr 25 12:59:14 2023] SRAT: PXM 0 -> APIC 0x0031 -> Node 0
[Tue Apr 25 12:59:14 2023] SRAT: PXM 0 -> APIC 0x0032 -> Node 0
[Tue Apr 25 12:59:14 2023] SRAT: PXM 0 -> APIC 0x0033 -> Node 0
[Tue Apr 25 12:59:14 2023] SRAT: PXM 0 -> APIC 0x0034 -> Node 0
[Tue Apr 25 12:59:14 2023] SRAT: PXM 0 -> APIC 0x0035 -> Node 0
[Tue Apr 25 12:59:14 2023] SRAT: PXM 0 -> APIC 0x0036 -> Node 0
[Tue Apr 25 12:59:14 2023] SRAT: PXM 0 -> APIC 0x0037 -> Node 0
[Tue Apr 25 12:59:14 2023] SRAT: PXM 0 -> APIC 0x0038 -> Node 0
[Tue Apr 25 12:59:14 2023] SRAT: PXM 0 -> APIC 0x0039 -> Node 0
[Tue Apr 25 12:59:14 2023] SRAT: PXM 0 -> APIC 0x003a -> Node 0
[Tue Apr 25 12:59:14 2023] SRAT: PXM 0 -> APIC 0x003b -> Node 0
[Tue Apr 25 12:59:14 2023] SRAT: PXM 0 -> APIC 0x003c -> Node 0
[Tue Apr 25 12:59:14 2023] SRAT: PXM 0 -> APIC 0x003d -> Node 0
[Tue Apr 25 12:59:14 2023] SRAT: PXM 0 -> APIC 0x003e -> Node 0
[Tue Apr 25 12:59:14 2023] SRAT: PXM 0 -> APIC 0x003f -> Node 0
[Tue Apr 25 12:59:14 2023] SRAT: PXM 0 -> APIC 0x0040 -> Node 0
[Tue Apr 25 12:59:14 2023] SRAT: PXM 0 -> APIC 0x0041 -> Node 0
[Tue Apr 25 12:59:14 2023] SRAT: PXM 0 -> APIC 0x0042 -> Node 0
[Tue Apr 25 12:59:14 2023] SRAT: PXM 0 -> APIC 0x0043 -> Node 0
[Tue Apr 25 12:59:14 2023] SRAT: PXM 0 -> APIC 0x0044 -> Node 0
[Tue Apr 25 12:59:14 2023] SRAT: PXM 0 -> APIC 0x0045 -> Node 0
[Tue Apr 25 12:59:14 2023] SRAT: PXM 0 -> APIC 0x0046 -> Node 0
[Tue Apr 25 12:59:14 2023] SRAT: PXM 0 -> APIC 0x0047 -> Node 0
[Tue Apr 25 12:59:14 2023] SRAT: PXM 0 -> APIC 0x0048 -> Node 0
[Tue Apr 25 12:59:14 2023] SRAT: PXM 0 -> APIC 0x0049 -> Node 0
[Tue Apr 25 12:59:14 2023] SRAT: PXM 0 -> APIC 0x004a -> Node 0
[Tue Apr 25 12:59:14 2023] SRAT: PXM 0 -> APIC 0x004b -> Node 0
[Tue Apr 25 12:59:14 2023] SRAT: PXM 0 -> APIC 0x004c -> Node 0
[Tue Apr 25 12:59:14 2023] SRAT: PXM 0 -> APIC 0x004d -> Node 0
[Tue Apr 25 12:59:14 2023] SRAT: PXM 0 -> APIC 0x004e -> Node 0
[Tue Apr 25 12:59:14 2023] SRAT: PXM 0 -> APIC 0x004f -> Node 0
[Tue Apr 25 12:59:14 2023] SRAT: PXM 0 -> APIC 0x0050 -> Node 0
[Tue Apr 25 12:59:14 2023] SRAT: PXM 0 -> APIC 0x0051 -> Node 0
[Tue Apr 25 12:59:14 2023] SRAT: PXM 0 -> APIC 0x0052 -> Node 0
[Tue Apr 25 12:59:14 2023] SRAT: PXM 0 -> APIC 0x0053 -> Node 0
[Tue Apr 25 12:59:14 2023] SRAT: PXM 0 -> APIC 0x0054 -> Node 0
[Tue Apr 25 12:59:14 2023] SRAT: PXM 0 -> APIC 0x0055 -> Node 0
[Tue Apr 25 12:59:14 2023] SRAT: PXM 0 -> APIC 0x0056 -> Node 0
[Tue Apr 25 12:59:14 2023] SRAT: PXM 0 -> APIC 0x0057 -> Node 0
[Tue Apr 25 12:59:14 2023] SRAT: PXM 0 -> APIC 0x0058 -> Node 0
[Tue Apr 25 12:59:14 2023] SRAT: PXM 0 -> APIC 0x0059 -> Node 0
[Tue Apr 25 12:59:14 2023] SRAT: PXM 0 -> APIC 0x005a -> Node 0
[Tue Apr 25 12:59:14 2023] SRAT: PXM 0 -> APIC 0x005b -> Node 0
[Tue Apr 25 12:59:14 2023] SRAT: PXM 0 -> APIC 0x005c -> Node 0
[Tue Apr 25 12:59:14 2023] SRAT: PXM 0 -> APIC 0x005d -> Node 0
[Tue Apr 25 12:59:14 2023] SRAT: PXM 0 -> APIC 0x005e -> Node 0
[Tue Apr 25 12:59:14 2023] SRAT: PXM 0 -> APIC 0x005f -> Node 0
[Tue Apr 25 12:59:14 2023] SRAT: PXM 0 -> APIC 0x0060 -> Node 0
[Tue Apr 25 12:59:14 2023] SRAT: PXM 0 -> APIC 0x0061 -> Node 0
[Tue Apr 25 12:59:14 2023] SRAT: PXM 0 -> APIC 0x0062 -> Node 0
[Tue Apr 25 12:59:14 2023] SRAT: PXM 0 -> APIC 0x0063 -> Node 0
[Tue Apr 25 12:59:14 2023] SRAT: PXM 0 -> APIC 0x0064 -> Node 0
[Tue Apr 25 12:59:14 2023] SRAT: PXM 0 -> APIC 0x0065 -> Node 0
[Tue Apr 25 12:59:14 2023] SRAT: PXM 0 -> APIC 0x0066 -> Node 0
[Tue Apr 25 12:59:14 2023] SRAT: PXM 0 -> APIC 0x0067 -> Node 0
[Tue Apr 25 12:59:14 2023] SRAT: PXM 1 -> APIC 0x0080 -> Node 1
[Tue Apr 25 12:59:14 2023] SRAT: PXM 1 -> APIC 0x0081 -> Node 1
[Tue Apr 25 12:59:14 2023] SRAT: PXM 1 -> APIC 0x0082 -> Node 1
[Tue Apr 25 12:59:14 2023] SRAT: PXM 1 -> APIC 0x0083 -> Node 1
[Tue Apr 25 12:59:14 2023] SRAT: PXM 1 -> APIC 0x0084 -> Node 1
[Tue Apr 25 12:59:14 2023] SRAT: PXM 1 -> APIC 0x0085 -> Node 1
[Tue Apr 25 12:59:14 2023] SRAT: PXM 1 -> APIC 0x0086 -> Node 1
[Tue Apr 25 12:59:14 2023] SRAT: PXM 1 -> APIC 0x0087 -> Node 1
[Tue Apr 25 12:59:14 2023] SRAT: PXM 1 -> APIC 0x0088 -> Node 1
[Tue Apr 25 12:59:14 2023] SRAT: PXM 1 -> APIC 0x0089 -> Node 1
[Tue Apr 25 12:59:14 2023] SRAT: PXM 1 -> APIC 0x008a -> Node 1
[Tue Apr 25 12:59:14 2023] SRAT: PXM 1 -> APIC 0x008b -> Node 1
[Tue Apr 25 12:59:14 2023] SRAT: PXM 1 -> APIC 0x008c -> Node 1
[Tue Apr 25 12:59:14 2023] SRAT: PXM 1 -> APIC 0x008d -> Node 1
[Tue Apr 25 12:59:14 2023] SRAT: PXM 1 -> APIC 0x008e -> Node 1
[Tue Apr 25 12:59:14 2023] SRAT: PXM 1 -> APIC 0x008f -> Node 1
[Tue Apr 25 12:59:14 2023] SRAT: PXM 1 -> APIC 0x0090 -> Node 1
[Tue Apr 25 12:59:14 2023] SRAT: PXM 1 -> APIC 0x0091 -> Node 1
[Tue Apr 25 12:59:14 2023] SRAT: PXM 1 -> APIC 0x0092 -> Node 1
[Tue Apr 25 12:59:14 2023] SRAT: PXM 1 -> APIC 0x0093 -> Node 1
[Tue Apr 25 12:59:14 2023] SRAT: PXM 1 -> APIC 0x0094 -> Node 1
[Tue Apr 25 12:59:14 2023] SRAT: PXM 1 -> APIC 0x0095 -> Node 1
[Tue Apr 25 12:59:14 2023] SRAT: PXM 1 -> APIC 0x0096 -> Node 1
[Tue Apr 25 12:59:14 2023] SRAT: PXM 1 -> APIC 0x0097 -> Node 1
[Tue Apr 25 12:59:14 2023] SRAT: PXM 1 -> APIC 0x0098 -> Node 1
[Tue Apr 25 12:59:14 2023] SRAT: PXM 1 -> APIC 0x0099 -> Node 1
[Tue Apr 25 12:59:14 2023] SRAT: PXM 1 -> APIC 0x009a -> Node 1
[Tue Apr 25 12:59:14 2023] SRAT: PXM 1 -> APIC 0x009b -> Node 1
[Tue Apr 25 12:59:14 2023] SRAT: PXM 1 -> APIC 0x009c -> Node 1
[Tue Apr 25 12:59:14 2023] SRAT: PXM 1 -> APIC 0x009d -> Node 1
[Tue Apr 25 12:59:14 2023] SRAT: PXM 1 -> APIC 0x009e -> Node 1
[Tue Apr 25 12:59:14 2023] SRAT: PXM 1 -> APIC 0x009f -> Node 1
[Tue Apr 25 12:59:14 2023] SRAT: PXM 1 -> APIC 0x00a0 -> Node 1
[Tue Apr 25 12:59:14 2023] SRAT: PXM 1 -> APIC 0x00a1 -> Node 1
[Tue Apr 25 12:59:14 2023] SRAT: PXM 1 -> APIC 0x00a2 -> Node 1
[Tue Apr 25 12:59:14 2023] SRAT: PXM 1 -> APIC 0x00a3 -> Node 1
[Tue Apr 25 12:59:14 2023] SRAT: PXM 1 -> APIC 0x00a4 -> Node 1
[Tue Apr 25 12:59:14 2023] SRAT: PXM 1 -> APIC 0x00a5 -> Node 1
[Tue Apr 25 12:59:14 2023] SRAT: PXM 1 -> APIC 0x00a6 -> Node 1
[Tue Apr 25 12:59:14 2023] SRAT: PXM 1 -> APIC 0x00a7 -> Node 1
[Tue Apr 25 12:59:14 2023] SRAT: PXM 1 -> APIC 0x00a8 -> Node 1
[Tue Apr 25 12:59:14 2023] SRAT: PXM 1 -> APIC 0x00a9 -> Node 1
[Tue Apr 25 12:59:14 2023] SRAT: PXM 1 -> APIC 0x00aa -> Node 1
[Tue Apr 25 12:59:14 2023] SRAT: PXM 1 -> APIC 0x00ab -> Node 1
[Tue Apr 25 12:59:14 2023] SRAT: PXM 1 -> APIC 0x00ac -> Node 1
[Tue Apr 25 12:59:14 2023] SRAT: PXM 1 -> APIC 0x00ad -> Node 1
[Tue Apr 25 12:59:14 2023] SRAT: PXM 1 -> APIC 0x00ae -> Node 1
[Tue Apr 25 12:59:14 2023] SRAT: PXM 1 -> APIC 0x00af -> Node 1
[Tue Apr 25 12:59:14 2023] SRAT: PXM 1 -> APIC 0x00b0 -> Node 1
[Tue Apr 25 12:59:14 2023] SRAT: PXM 1 -> APIC 0x00b1 -> Node 1
[Tue Apr 25 12:59:14 2023] SRAT: PXM 1 -> APIC 0x00b2 -> Node 1
[Tue Apr 25 12:59:14 2023] SRAT: PXM 1 -> APIC 0x00b3 -> Node 1
[Tue Apr 25 12:59:14 2023] SRAT: PXM 1 -> APIC 0x00b4 -> Node 1
[Tue Apr 25 12:59:14 2023] SRAT: PXM 1 -> APIC 0x00b5 -> Node 1
[Tue Apr 25 12:59:14 2023] SRAT: PXM 1 -> APIC 0x00b6 -> Node 1
[Tue Apr 25 12:59:14 2023] SRAT: PXM 1 -> APIC 0x00b7 -> Node 1
[Tue Apr 25 12:59:14 2023] SRAT: PXM 1 -> APIC 0x00b8 -> Node 1
[Tue Apr 25 12:59:14 2023] SRAT: PXM 1 -> APIC 0x00b9 -> Node 1
[Tue Apr 25 12:59:14 2023] SRAT: PXM 1 -> APIC 0x00ba -> Node 1
[Tue Apr 25 12:59:14 2023] SRAT: PXM 1 -> APIC 0x00bb -> Node 1
[Tue Apr 25 12:59:14 2023] SRAT: PXM 1 -> APIC 0x00bc -> Node 1
[Tue Apr 25 12:59:14 2023] SRAT: PXM 1 -> APIC 0x00bd -> Node 1
[Tue Apr 25 12:59:14 2023] SRAT: PXM 1 -> APIC 0x00be -> Node 1
[Tue Apr 25 12:59:14 2023] SRAT: PXM 1 -> APIC 0x00bf -> Node 1
[Tue Apr 25 12:59:14 2023] SRAT: PXM 1 -> APIC 0x00c0 -> Node 1
[Tue Apr 25 12:59:14 2023] SRAT: PXM 1 -> APIC 0x00c1 -> Node 1
[Tue Apr 25 12:59:14 2023] SRAT: PXM 1 -> APIC 0x00c2 -> Node 1
[Tue Apr 25 12:59:14 2023] SRAT: PXM 1 -> APIC 0x00c3 -> Node 1
[Tue Apr 25 12:59:14 2023] SRAT: PXM 1 -> APIC 0x00c4 -> Node 1
[Tue Apr 25 12:59:14 2023] SRAT: PXM 1 -> APIC 0x00c5 -> Node 1
[Tue Apr 25 12:59:14 2023] SRAT: PXM 1 -> APIC 0x00c6 -> Node 1
[Tue Apr 25 12:59:14 2023] SRAT: PXM 1 -> APIC 0x00c7 -> Node 1
[Tue Apr 25 12:59:14 2023] SRAT: PXM 1 -> APIC 0x00c8 -> Node 1
[Tue Apr 25 12:59:14 2023] SRAT: PXM 1 -> APIC 0x00c9 -> Node 1
[Tue Apr 25 12:59:14 2023] SRAT: PXM 1 -> APIC 0x00ca -> Node 1
[Tue Apr 25 12:59:14 2023] SRAT: PXM 1 -> APIC 0x00cb -> Node 1
[Tue Apr 25 12:59:14 2023] SRAT: PXM 1 -> APIC 0x00cc -> Node 1
[Tue Apr 25 12:59:14 2023] SRAT: PXM 1 -> APIC 0x00cd -> Node 1
[Tue Apr 25 12:59:14 2023] SRAT: PXM 1 -> APIC 0x00ce -> Node 1
[Tue Apr 25 12:59:14 2023] SRAT: PXM 1 -> APIC 0x00cf -> Node 1
[Tue Apr 25 12:59:14 2023] SRAT: PXM 1 -> APIC 0x00d0 -> Node 1
[Tue Apr 25 12:59:14 2023] SRAT: PXM 1 -> APIC 0x00d1 -> Node 1
[Tue Apr 25 12:59:14 2023] SRAT: PXM 1 -> APIC 0x00d2 -> Node 1
[Tue Apr 25 12:59:14 2023] SRAT: PXM 1 -> APIC 0x00d3 -> Node 1
[Tue Apr 25 12:59:14 2023] SRAT: PXM 1 -> APIC 0x00d4 -> Node 1
[Tue Apr 25 12:59:14 2023] SRAT: PXM 1 -> APIC 0x00d5 -> Node 1
[Tue Apr 25 12:59:14 2023] SRAT: PXM 1 -> APIC 0x00d6 -> Node 1
[Tue Apr 25 12:59:14 2023] SRAT: PXM 1 -> APIC 0x00d7 -> Node 1
[Tue Apr 25 12:59:14 2023] SRAT: PXM 1 -> APIC 0x00d8 -> Node 1
[Tue Apr 25 12:59:14 2023] SRAT: PXM 1 -> APIC 0x00d9 -> Node 1
[Tue Apr 25 12:59:14 2023] SRAT: PXM 1 -> APIC 0x00da -> Node 1
[Tue Apr 25 12:59:14 2023] SRAT: PXM 1 -> APIC 0x00db -> Node 1
[Tue Apr 25 12:59:14 2023] SRAT: PXM 1 -> APIC 0x00dc -> Node 1
[Tue Apr 25 12:59:14 2023] SRAT: PXM 1 -> APIC 0x00dd -> Node 1
[Tue Apr 25 12:59:14 2023] SRAT: PXM 1 -> APIC 0x00de -> Node 1
[Tue Apr 25 12:59:14 2023] SRAT: PXM 1 -> APIC 0x00df -> Node 1
[Tue Apr 25 12:59:14 2023] SRAT: PXM 1 -> APIC 0x00e0 -> Node 1
[Tue Apr 25 12:59:14 2023] SRAT: PXM 1 -> APIC 0x00e1 -> Node 1
[Tue Apr 25 12:59:14 2023] SRAT: PXM 1 -> APIC 0x00e2 -> Node 1
[Tue Apr 25 12:59:14 2023] SRAT: PXM 1 -> APIC 0x00e3 -> Node 1
[Tue Apr 25 12:59:14 2023] SRAT: PXM 1 -> APIC 0x00e4 -> Node 1
[Tue Apr 25 12:59:14 2023] SRAT: PXM 1 -> APIC 0x00e5 -> Node 1
[Tue Apr 25 12:59:14 2023] SRAT: PXM 1 -> APIC 0x00e6 -> Node 1
[Tue Apr 25 12:59:14 2023] SRAT: PXM 1 -> APIC 0x00e7 -> Node 1
[Tue Apr 25 12:59:14 2023] ACPI: SRAT: Node 0 PXM 0 [mem 0x00000000-0x7fffffff]
[Tue Apr 25 12:59:14 2023] ACPI: SRAT: Node 0 PXM 0 [mem 0x100000000-0x107fffffff]
[Tue Apr 25 12:59:14 2023] ACPI: SRAT: Node 1 PXM 1 [mem 0x1080000000-0x307fffffff]
[Tue Apr 25 12:59:14 2023] ACPI: SRAT: Node 2 PXM 2 [mem 0x3080000000-0x407fffffff]
[Tue Apr 25 12:59:14 2023] NUMA: Initialized distance table, cnt=3
[Tue Apr 25 12:59:14 2023] NUMA: Node 0 [mem 0x00000000-0x7fffffff] + [mem 0x100000000-0x107fffffff] -> [mem 0x00000000-0x107fffffff]
[Tue Apr 25 12:59:14 2023] NODE_DATA(0) allocated [mem 0x107ffd5000-0x107fffffff]
[Tue Apr 25 12:59:14 2023] NODE_DATA(1) allocated [mem 0x307ffd4000-0x307fffefff]
[Tue Apr 25 12:59:14 2023] Zone ranges:
[Tue Apr 25 12:59:14 2023]   DMA      [mem 0x0000000000001000-0x0000000000ffffff]
[Tue Apr 25 12:59:14 2023]   DMA32    [mem 0x0000000001000000-0x00000000ffffffff]
[Tue Apr 25 12:59:14 2023]   Normal   [mem 0x0000000100000000-0x000000307fffffff]
[Tue Apr 25 12:59:14 2023]   Device   empty
[Tue Apr 25 12:59:14 2023] Movable zone start for each node
[Tue Apr 25 12:59:14 2023] Early memory node ranges
[Tue Apr 25 12:59:14 2023]   node   0: [mem 0x0000000000001000-0x000000000009efff]
[Tue Apr 25 12:59:14 2023]   node   0: [mem 0x0000000000100000-0x0000000072797fff]
[Tue Apr 25 12:59:14 2023]   node   0: [mem 0x00000000777ff000-0x00000000777fffff]
[Tue Apr 25 12:59:14 2023]   node   0: [mem 0x0000000100000000-0x000000107fffffff]
[Tue Apr 25 12:59:14 2023]   node   1: [mem 0x0000001080000000-0x000000307fffffff]
[Tue Apr 25 12:59:14 2023] Initmem setup node 0 [mem 0x0000000000001000-0x000000107fffffff]
[Tue Apr 25 12:59:14 2023] Initmem setup node 1 [mem 0x0000001080000000-0x000000307fffffff]
[Tue Apr 25 12:59:14 2023] Initializing node 2 as memoryless
[Tue Apr 25 12:59:14 2023] Initmem setup node 2 as memoryless
[Tue Apr 25 12:59:14 2023] On node 0, zone DMA: 1 pages in unavailable ranges
[Tue Apr 25 12:59:14 2023] On node 0, zone DMA: 97 pages in unavailable ranges
[Tue Apr 25 12:59:14 2023] On node 0, zone DMA32: 20583 pages in unavailable ranges
[Tue Apr 25 12:59:14 2023] On node 0, zone Normal: 2048 pages in unavailable ranges
[Tue Apr 25 12:59:14 2023] ACPI: PM-Timer IO Port: 0x508
[Tue Apr 25 12:59:14 2023] ACPI: X2APIC_NMI (uid[0xffffffff] high edge lint[0x1])
[Tue Apr 25 12:59:14 2023] ACPI: LAPIC_NMI (acpi_id[0xff] high edge lint[0x1])
[Tue Apr 25 12:59:14 2023] IOAPIC[0]: apic_id 8, version 32, address 0xfec00000, GSI 0-23
[Tue Apr 25 12:59:14 2023] ACPI: INT_SRC_OVR (bus 0 bus_irq 0 global_irq 2 dfl dfl)
[Tue Apr 25 12:59:14 2023] ACPI: INT_SRC_OVR (bus 0 bus_irq 9 global_irq 9 high level)
[Tue Apr 25 12:59:14 2023] ACPI: Using ACPI (MADT) for SMP configuration information
[Tue Apr 25 12:59:14 2023] ACPI: HPET id: 0x8086a701 base: 0xfed00000
[Tue Apr 25 12:59:14 2023] ACPI: SPCR: console: uart,io,0x3f8,115200
[Tue Apr 25 12:59:14 2023] TSC deadline timer available
[Tue Apr 25 12:59:14 2023] smpboot: Allowing 208 CPUs, 0 hotplug CPUs
[Tue Apr 25 12:59:14 2023] PM: hibernation: Registered nosave memory: [mem 0x00000000-0x00000fff]
[Tue Apr 25 12:59:14 2023] PM: hibernation: Registered nosave memory: [mem 0x0009f000-0x000fffff]
[Tue Apr 25 12:59:14 2023] PM: hibernation: Registered nosave memory: [mem 0x66097000-0x66097fff]
[Tue Apr 25 12:59:14 2023] PM: hibernation: Registered nosave memory: [mem 0x6609e000-0x6609efff]
[Tue Apr 25 12:59:14 2023] PM: hibernation: Registered nosave memory: [mem 0x72798000-0x74874fff]
[Tue Apr 25 12:59:14 2023] PM: hibernation: Registered nosave memory: [mem 0x74875000-0x772b3fff]
[Tue Apr 25 12:59:14 2023] PM: hibernation: Registered nosave memory: [mem 0x772b4000-0x777fefff]
[Tue Apr 25 12:59:14 2023] PM: hibernation: Registered nosave memory: [mem 0x77800000-0x7fffffff]
[Tue Apr 25 12:59:14 2023] PM: hibernation: Registered nosave memory: [mem 0x80000000-0xfe00ffff]
[Tue Apr 25 12:59:14 2023] PM: hibernation: Registered nosave memory: [mem 0xfe010000-0xfe010fff]
[Tue Apr 25 12:59:14 2023] PM: hibernation: Registered nosave memory: [mem 0xfe011000-0xffffffff]
[Tue Apr 25 12:59:14 2023] [mem 0x80000000-0xfe00ffff] available for PCI devices
[Tue Apr 25 12:59:14 2023] Booting paravirtualized kernel on bare hardware
[Tue Apr 25 12:59:14 2023] clocksource: refined-jiffies: mask: 0xffffffff max_cycles: 0xffffffff, max_idle_ns: 1910969940391419 ns
[Tue Apr 25 12:59:14 2023] setup_percpu: NR_CPUS:8192 nr_cpumask_bits:208 nr_cpu_ids:208 nr_node_ids:3
[Tue Apr 25 12:59:14 2023] percpu: Embedded 63 pages/cpu s221184 r8192 d28672 u262144
[Tue Apr 25 12:59:14 2023] pcpu-alloc: s221184 r8192 d28672 u262144 alloc=1*2097152
[Tue Apr 25 12:59:14 2023] pcpu-alloc: [0] 000 001 002 003 004 005 006 007 
[Tue Apr 25 12:59:14 2023] pcpu-alloc: [0] 008 009 010 011 012 013 014 015 
[Tue Apr 25 12:59:14 2023] pcpu-alloc: [0] 016 017 018 019 020 021 022 023 
[Tue Apr 25 12:59:14 2023] pcpu-alloc: [0] 024 025 026 027 028 029 030 031 
[Tue Apr 25 12:59:14 2023] pcpu-alloc: [0] 032 033 034 035 036 037 038 039 
[Tue Apr 25 12:59:14 2023] pcpu-alloc: [0] 040 041 042 043 044 045 046 047 
[Tue Apr 25 12:59:14 2023] pcpu-alloc: [0] 048 049 050 051 104 105 106 107 
[Tue Apr 25 12:59:14 2023] pcpu-alloc: [0] 108 109 110 111 112 113 114 115 
[Tue Apr 25 12:59:14 2023] pcpu-alloc: [0] 116 117 118 119 120 121 122 123 
[Tue Apr 25 12:59:14 2023] pcpu-alloc: [0] 124 125 126 127 128 129 130 131 
[Tue Apr 25 12:59:14 2023] pcpu-alloc: [0] 132 133 134 135 136 137 138 139 
[Tue Apr 25 12:59:14 2023] pcpu-alloc: [0] 140 141 142 143 144 145 146 147 
[Tue Apr 25 12:59:14 2023] pcpu-alloc: [0] 148 149 150 151 152 153 154 155 
[Tue Apr 25 12:59:14 2023] pcpu-alloc: [1] 052 053 054 055 056 057 058 059 
[Tue Apr 25 12:59:14 2023] pcpu-alloc: [1] 060 061 062 063 064 065 066 067 
[Tue Apr 25 12:59:14 2023] pcpu-alloc: [1] 068 069 070 071 072 073 074 075 
[Tue Apr 25 12:59:14 2023] pcpu-alloc: [1] 076 077 078 079 080 081 082 083 
[Tue Apr 25 12:59:14 2023] pcpu-alloc: [1] 084 085 086 087 088 089 090 091 
[Tue Apr 25 12:59:14 2023] pcpu-alloc: [1] 092 093 094 095 096 097 098 099 
[Tue Apr 25 12:59:14 2023] pcpu-alloc: [1] 100 101 102 103 156 157 158 159 
[Tue Apr 25 12:59:14 2023] pcpu-alloc: [1] 160 161 162 163 164 165 166 167 
[Tue Apr 25 12:59:14 2023] pcpu-alloc: [1] 168 169 170 171 172 173 174 175 
[Tue Apr 25 12:59:14 2023] pcpu-alloc: [1] 176 177 178 179 180 181 182 183 
[Tue Apr 25 12:59:14 2023] pcpu-alloc: [1] 184 185 186 187 188 189 190 191 
[Tue Apr 25 12:59:14 2023] pcpu-alloc: [1] 192 193 194 195 196 197 198 199 
[Tue Apr 25 12:59:14 2023] pcpu-alloc: [1] 200 201 202 203 204 205 206 207 
[Tue Apr 25 12:59:14 2023] Fallback order for Node 0: 0 1 
[Tue Apr 25 12:59:14 2023] Fallback order for Node 1: 1 0 
[Tue Apr 25 12:59:14 2023] Fallback order for Node 2: 2 0 1 
[Tue Apr 25 12:59:14 2023] Built 2 zonelists, mobility grouping on.  Total pages: 49490426
[Tue Apr 25 12:59:14 2023] Policy zone: Normal
[Tue Apr 25 12:59:14 2023] Kernel command line: BOOT_IMAGE=(hd0,gpt2)/vmlinuz-6.3.0-rc6 root=/dev/mapper/fedora_fedora-root ro rd.lvm.lv=fedora_fedora/root memhp_default_state=offline rhgb quiet
[Tue Apr 25 12:59:14 2023] Unknown kernel command line parameters "rhgb BOOT_IMAGE=(hd0,gpt2)/vmlinuz-6.3.0-rc6", will be passed to user space.
[Tue Apr 25 12:59:14 2023] printk: log_buf_len individual max cpu contribution: 4096 bytes
[Tue Apr 25 12:59:14 2023] printk: log_buf_len total cpu_extra contributions: 847872 bytes
[Tue Apr 25 12:59:14 2023] printk: log_buf_len min size: 262144 bytes
[Tue Apr 25 12:59:14 2023] printk: log_buf_len: 2097152 bytes
[Tue Apr 25 12:59:14 2023] printk: early log buf free: 234392(89%)
[Tue Apr 25 12:59:14 2023] mem auto-init: stack:all(zero), heap alloc:off, heap free:off
[Tue Apr 25 12:59:14 2023] software IO TLB: area num 256.
[Tue Apr 25 12:59:14 2023] Memory: 197451272K/201104604K available (18432K kernel code, 3272K rwdata, 8688K rodata, 4396K init, 17292K bss, 3653128K reserved, 0K cma-reserved)
[Tue Apr 25 12:59:14 2023] SLUB: HWalign=64, Order=0-3, MinObjects=0, CPUs=208, Nodes=3
[Tue Apr 25 12:59:14 2023] ftrace: allocating 52081 entries in 204 pages
[Tue Apr 25 12:59:14 2023] ftrace: allocated 204 pages with 4 groups
[Tue Apr 25 12:59:14 2023] Dynamic Preempt: voluntary
[Tue Apr 25 12:59:14 2023] rcu: Preemptible hierarchical RCU implementation.
[Tue Apr 25 12:59:14 2023] rcu: 	RCU restricting CPUs from NR_CPUS=8192 to nr_cpu_ids=208.
[Tue Apr 25 12:59:14 2023] 	Trampoline variant of Tasks RCU enabled.
[Tue Apr 25 12:59:14 2023] 	Rude variant of Tasks RCU enabled.
[Tue Apr 25 12:59:14 2023] 	Tracing variant of Tasks RCU enabled.
[Tue Apr 25 12:59:14 2023] rcu: RCU calculated value of scheduler-enlistment delay is 100 jiffies.
[Tue Apr 25 12:59:14 2023] rcu: Adjusting geometry for rcu_fanout_leaf=16, nr_cpu_ids=208
[Tue Apr 25 12:59:14 2023] NR_IRQS: 524544, nr_irqs: 2088, preallocated irqs: 16
[Tue Apr 25 12:59:14 2023] rcu: srcu_init: Setting srcu_struct sizes to big.
[Tue Apr 25 12:59:14 2023] kfence: initialized - using 2097152 bytes for 255 objects at 0x(____ptrval____)-0x(____ptrval____)
[Tue Apr 25 12:59:14 2023] Console: colour dummy device 80x25
[Tue Apr 25 12:59:14 2023] printk: console [tty0] enabled
[Tue Apr 25 12:59:14 2023] mempolicy: Enabling automatic NUMA balancing. Configure with numa_balancing= or the kernel.numa_balancing sysctl
[Tue Apr 25 12:59:14 2023] ACPI: Core revision 20221020
[Tue Apr 25 12:59:14 2023] clocksource: hpet: mask: 0xffffffff max_cycles: 0xffffffff, max_idle_ns: 76450417870 ns
[Tue Apr 25 12:59:14 2023] APIC: Switch to symmetric I/O mode setup
[Tue Apr 25 12:59:14 2023] DMAR: Host address width 52
[Tue Apr 25 12:59:14 2023] DMAR: DRHD base: 0x000000d97fc000 flags: 0x0
[Tue Apr 25 12:59:14 2023] DMAR: dmar0: reg_base_addr d97fc000 ver 6:0 cap 19ed008c40780c66 ecap 3ef9e86f050df
[Tue Apr 25 12:59:14 2023] DMAR: DRHD base: 0x000000e17fc000 flags: 0x0
[Tue Apr 25 12:59:14 2023] DMAR: dmar1: reg_base_addr e17fc000 ver 6:0 cap 19ed008c40780c66 ecap 3ef9e86f050df
[Tue Apr 25 12:59:14 2023] DMAR: DRHD base: 0x000000e97fc000 flags: 0x0
[Tue Apr 25 12:59:14 2023] DMAR: dmar2: reg_base_addr e97fc000 ver 6:0 cap 19ed008c40780c66 ecap 3ef9e86f050df
[Tue Apr 25 12:59:14 2023] DMAR: DRHD base: 0x000000f17fc000 flags: 0x0
[Tue Apr 25 12:59:14 2023] DMAR: dmar3: reg_base_addr f17fc000 ver 6:0 cap 19ed008c40780c66 ecap 3ef9e86f050df
[Tue Apr 25 12:59:14 2023] DMAR: DRHD base: 0x000000f97fc000 flags: 0x0
[Tue Apr 25 12:59:14 2023] DMAR: dmar4: reg_base_addr f97fc000 ver 6:0 cap 19ed008c40780c66 ecap 3ef9e86f050df
[Tue Apr 25 12:59:14 2023] DMAR: DRHD base: 0x000000d13fc000 flags: 0x0
[Tue Apr 25 12:59:14 2023] DMAR: dmar5: reg_base_addr d13fc000 ver 6:0 cap 19ed008c40780c66 ecap 3ef9e86f050df
[Tue Apr 25 12:59:14 2023] DMAR: DRHD base: 0x000000f9ffc000 flags: 0x0
[Tue Apr 25 12:59:14 2023] DMAR: dmar6: reg_base_addr f9ffc000 ver 6:0 cap 19ed008c40780c66 ecap 3ef9ea6f050df
[Tue Apr 25 12:59:14 2023] DMAR: DRHD base: 0x000000fa7fc000 flags: 0x0
[Tue Apr 25 12:59:14 2023] DMAR: dmar7: reg_base_addr fa7fc000 ver 6:0 cap 19ed008c40780c66 ecap 3ef9ea6f050df
[Tue Apr 25 12:59:14 2023] DMAR: DRHD base: 0x000000faffc000 flags: 0x0
[Tue Apr 25 12:59:14 2023] DMAR: dmar8: reg_base_addr faffc000 ver 6:0 cap 19ed008c40780c66 ecap 3ef9ea6f050df
[Tue Apr 25 12:59:14 2023] DMAR: DRHD base: 0x000000fb7fc000 flags: 0x0
[Tue Apr 25 12:59:14 2023] DMAR: dmar9: reg_base_addr fb7fc000 ver 6:0 cap 19ed008c40780c66 ecap 3ef9ea6f050df
[Tue Apr 25 12:59:14 2023] DMAR: DRHD base: 0x0000009f7fc000 flags: 0x0
[Tue Apr 25 12:59:14 2023] DMAR: dmar10: reg_base_addr 9f7fc000 ver 6:0 cap 19ed008c40780c66 ecap 3ef9e86f050df
[Tue Apr 25 12:59:14 2023] DMAR: DRHD base: 0x000000a93fc000 flags: 0x0
[Tue Apr 25 12:59:14 2023] DMAR: dmar11: reg_base_addr a93fc000 ver 6:0 cap 19ed008c40780c66 ecap 3ef9e86f050df
[Tue Apr 25 12:59:14 2023] DMAR: DRHD base: 0x000000b2ffc000 flags: 0x0
[Tue Apr 25 12:59:14 2023] DMAR: dmar12: reg_base_addr b2ffc000 ver 6:0 cap 19ed008c40780c66 ecap 3ef9e86f050df
[Tue Apr 25 12:59:14 2023] DMAR: DRHD base: 0x000000bcbfc000 flags: 0x0
[Tue Apr 25 12:59:14 2023] DMAR: dmar13: reg_base_addr bcbfc000 ver 6:0 cap 19ed008c40780c66 ecap 3ef9e86f050df
[Tue Apr 25 12:59:14 2023] DMAR: DRHD base: 0x000000c67fc000 flags: 0x0
[Tue Apr 25 12:59:14 2023] DMAR: dmar14: reg_base_addr c67fc000 ver 6:0 cap 19ed008c40780c66 ecap 3ef9e86f050df
[Tue Apr 25 12:59:14 2023] DMAR: DRHD base: 0x000000c6ffc000 flags: 0x0
[Tue Apr 25 12:59:14 2023] DMAR: dmar15: reg_base_addr c6ffc000 ver 6:0 cap 19ed008c40780c66 ecap 3ef9ea6f050df
[Tue Apr 25 12:59:14 2023] DMAR: DRHD base: 0x000000c77fc000 flags: 0x0
[Tue Apr 25 12:59:14 2023] DMAR: dmar16: reg_base_addr c77fc000 ver 6:0 cap 19ed008c40780c66 ecap 3ef9ea6f050df
[Tue Apr 25 12:59:14 2023] DMAR: DRHD base: 0x000000c7ffc000 flags: 0x0
[Tue Apr 25 12:59:14 2023] DMAR: dmar17: reg_base_addr c7ffc000 ver 6:0 cap 19ed008c40780c66 ecap 3ef9ea6f050df
[Tue Apr 25 12:59:14 2023] DMAR: DRHD base: 0x000000c87fc000 flags: 0x0
[Tue Apr 25 12:59:14 2023] DMAR: dmar18: reg_base_addr c87fc000 ver 6:0 cap 19ed008c40780c66 ecap 3ef9ea6f050df
[Tue Apr 25 12:59:14 2023] DMAR: DRHD base: 0x000000957fc000 flags: 0x1
[Tue Apr 25 12:59:14 2023] DMAR: dmar19: reg_base_addr 957fc000 ver 6:0 cap 19ed008c40780c66 ecap 3ef9e86f050df
[Tue Apr 25 12:59:14 2023] DMAR: RMRR base: 0x00000074867000 end: 0x00000074869fff
[Tue Apr 25 12:59:14 2023] DMAR: ATSR flags: 0x0
[Tue Apr 25 12:59:14 2023] DMAR: RHSA base: 0x000000957fc000 proximity domain: 0x0
[Tue Apr 25 12:59:14 2023] DMAR: RHSA base: 0x0000009f7fc000 proximity domain: 0x0
[Tue Apr 25 12:59:14 2023] DMAR: RHSA base: 0x000000a93fc000 proximity domain: 0x0
[Tue Apr 25 12:59:14 2023] DMAR: RHSA base: 0x000000b2ffc000 proximity domain: 0x0
[Tue Apr 25 12:59:14 2023] DMAR: RHSA base: 0x000000bcbfc000 proximity domain: 0x0
[Tue Apr 25 12:59:14 2023] DMAR: RHSA base: 0x000000c67fc000 proximity domain: 0x0
[Tue Apr 25 12:59:14 2023] DMAR: RHSA base: 0x000000c6ffc000 proximity domain: 0x0
[Tue Apr 25 12:59:14 2023] DMAR: RHSA base: 0x000000c77fc000 proximity domain: 0x0
[Tue Apr 25 12:59:14 2023] DMAR: RHSA base: 0x000000c7ffc000 proximity domain: 0x0
[Tue Apr 25 12:59:14 2023] DMAR: RHSA base: 0x000000c87fc000 proximity domain: 0x0
[Tue Apr 25 12:59:14 2023] DMAR: RHSA base: 0x000000d97fc000 proximity domain: 0x1
[Tue Apr 25 12:59:14 2023] DMAR: RHSA base: 0x000000e17fc000 proximity domain: 0x1
[Tue Apr 25 12:59:14 2023] DMAR: RHSA base: 0x000000e97fc000 proximity domain: 0x1
[Tue Apr 25 12:59:14 2023] DMAR: RHSA base: 0x000000f17fc000 proximity domain: 0x1
[Tue Apr 25 12:59:14 2023] DMAR: RHSA base: 0x000000f97fc000 proximity domain: 0x1
[Tue Apr 25 12:59:14 2023] DMAR: RHSA base: 0x000000d13fc000 proximity domain: 0x1
[Tue Apr 25 12:59:14 2023] DMAR: RHSA base: 0x000000f9ffc000 proximity domain: 0x1
[Tue Apr 25 12:59:14 2023] DMAR: RHSA base: 0x000000fa7fc000 proximity domain: 0x1
[Tue Apr 25 12:59:14 2023] DMAR: RHSA base: 0x000000faffc000 proximity domain: 0x1
[Tue Apr 25 12:59:14 2023] DMAR: RHSA base: 0x000000fb7fc000 proximity domain: 0x1
[Tue Apr 25 12:59:14 2023] DMAR: SATC flags: 0x0
[Tue Apr 25 12:59:14 2023] DMAR-IR: IOAPIC id 8 under DRHD base  0x957fc000 IOMMU 19
[Tue Apr 25 12:59:14 2023] DMAR-IR: HPET id 0 under DRHD base 0x957fc000
[Tue Apr 25 12:59:14 2023] DMAR-IR: Queued invalidation will be enabled to support x2apic and Intr-remapping.
[Tue Apr 25 12:59:14 2023] DMAR-IR: Enabled IRQ remapping in x2apic mode
[Tue Apr 25 12:59:14 2023] ..TIMER: vector=0x30 apic1=0 pin1=2 apic2=-1 pin2=-1
[Tue Apr 25 12:59:14 2023] clocksource: tsc-early: mask: 0xffffffffffffffff max_cycles: 0x39a85c9bff6, max_idle_ns: 881590591483 ns
[Tue Apr 25 12:59:15 2023] Calibrating delay loop (skipped), value calculated using timer frequency.. 4000.00 BogoMIPS (lpj=2000000)
[Tue Apr 25 12:59:15 2023] pid_max: default: 212992 minimum: 1664
[Tue Apr 25 12:59:15 2023] LSM: initializing lsm=lockdown,capability,yama,integrity,selinux,bpf,landlock
[Tue Apr 25 12:59:15 2023] Yama: becoming mindful.
[Tue Apr 25 12:59:15 2023] SELinux:  Initializing.
[Tue Apr 25 12:59:15 2023] LSM support for eBPF active
[Tue Apr 25 12:59:15 2023] landlock: Up and running.
[Tue Apr 25 12:59:15 2023] Dentry cache hash table entries: 16777216 (order: 15, 134217728 bytes, vmalloc hugepage)
[Tue Apr 25 12:59:15 2023] Inode-cache hash table entries: 8388608 (order: 14, 67108864 bytes, vmalloc hugepage)
[Tue Apr 25 12:59:15 2023] Mount-cache hash table entries: 262144 (order: 9, 2097152 bytes, vmalloc)
[Tue Apr 25 12:59:15 2023] Mountpoint-cache hash table entries: 262144 (order: 9, 2097152 bytes, vmalloc)
[Tue Apr 25 12:59:15 2023] x86/cpu: SGX disabled by BIOS.
[Tue Apr 25 12:59:15 2023] x86/tme: not enabled by BIOS
[Tue Apr 25 12:59:15 2023] CPU0: Thermal monitoring enabled (TM1)
[Tue Apr 25 12:59:15 2023] x86/cpu: User Mode Instruction Prevention (UMIP) activated
[Tue Apr 25 12:59:15 2023] process: using mwait in idle threads
[Tue Apr 25 12:59:15 2023] Last level iTLB entries: 4KB 0, 2MB 0, 4MB 0
[Tue Apr 25 12:59:15 2023] Last level dTLB entries: 4KB 0, 2MB 0, 4MB 0, 1GB 0
[Tue Apr 25 12:59:15 2023] Spectre V1 : Mitigation: usercopy/swapgs barriers and __user pointer sanitization
[Tue Apr 25 12:59:15 2023] Spectre V2 : Mitigation: Enhanced / Automatic IBRS
[Tue Apr 25 12:59:15 2023] Spectre V2 : Spectre v2 / SpectreRSB mitigation: Filling RSB on context switch
[Tue Apr 25 12:59:15 2023] Spectre V2 : Spectre v2 / PBRSB-eIBRS: Retire a single CALL on VMEXIT
[Tue Apr 25 12:59:15 2023] Spectre V2 : mitigation: Enabling conditional Indirect Branch Prediction Barrier
[Tue Apr 25 12:59:15 2023] Speculative Store Bypass: Mitigation: Speculative Store Bypass disabled via prctl
[Tue Apr 25 12:59:15 2023] Freeing SMP alternatives memory: 44K
[Tue Apr 25 12:59:15 2023] smpboot: CPU0: Intel(R) Xeon(R) Platinum 8470 CPU @2.00GHz (family: 0x6, model: 0x8f, stepping: 0x5)
[Tue Apr 25 12:59:15 2023] cblist_init_generic: Setting adjustable number of callback queues.
[Tue Apr 25 12:59:15 2023] cblist_init_generic: Setting shift to 8 and lim to 1.
[Tue Apr 25 12:59:15 2023] cblist_init_generic: Setting shift to 8 and lim to 1.
[Tue Apr 25 12:59:15 2023] cblist_init_generic: Setting shift to 8 and lim to 1.
[Tue Apr 25 12:59:15 2023] Performance Events: XSAVE Architectural LBR, PEBS fmt4+-baseline,  AnyThread deprecated, Sapphire Rapids events, 32-deep LBR, full-width counters, Intel PMU driver.
[Tue Apr 25 12:59:15 2023] ... version:                5
[Tue Apr 25 12:59:15 2023] ... bit width:              48
[Tue Apr 25 12:59:15 2023] ... generic registers:      8
[Tue Apr 25 12:59:15 2023] ... value mask:             0000ffffffffffff
[Tue Apr 25 12:59:15 2023] ... max period:             00007fffffffffff
[Tue Apr 25 12:59:15 2023] ... fixed-purpose events:   4
[Tue Apr 25 12:59:15 2023] ... event mask:             0001000f000000ff
[Tue Apr 25 12:59:15 2023] Estimated ratio of average max frequency by base frequency (times 1024): 1638
[Tue Apr 25 12:59:15 2023] rcu: Hierarchical SRCU implementation.
[Tue Apr 25 12:59:15 2023] rcu: 	Max phase no-delay instances is 400.
[Tue Apr 25 12:59:15 2023] NMI watchdog: Enabled. Permanently consumes one hw-PMU counter.
[Tue Apr 25 12:59:15 2023] smp: Bringing up secondary CPUs ...
[Tue Apr 25 12:59:15 2023] x86: Booting SMP configuration:
[Tue Apr 25 12:59:15 2023] .... node  #0, CPUs:          #1   #2   #3   #4   #5   #6   #7   #8   #9  #10  #11  #12  #13  #14  #15  #16  #17  #18  #19  #20  #21  #22  #23  #24  #25  #26  #27  #28  #29  #30  #31  #32  #33  #34  #35  #36  #37  #38  #39  #40  #41  #42  #43  #44  #45  #46  #47  #48  #49  #50  #51
[Tue Apr 25 12:59:17 2023] .... node  #1, CPUs:    #52
[Tue Apr 25 12:59:15 2023] smpboot: CPU 52 Converting physical 0 to logical die 1
[Tue Apr 25 12:59:17 2023]   #53  #54  #55  #56  #57  #58  #59  #60  #61  #62  #63  #64  #65  #66  #67  #68  #69  #70  #71  #72  #73  #74  #75  #76  #77  #78  #79  #80  #81  #82  #83  #84  #85  #86  #87  #88  #89  #90  #91  #92  #93  #94  #95  #96  #97  #98  #99 #100 #101 #102 #103
[Tue Apr 25 12:59:18 2023] .... node  #0, CPUs:   #104 #105 #106 #107 #108 #109 #110 #111 #112 #113 #114 #115 #116 #117 #118 #119 #120 #121 #122 #123 #124 #125 #126 #127 #128 #129 #130 #131 #132 #133 #134 #135 #136 #137 #138 #139 #140 #141 #142 #143 #144 #145 #146 #147 #148 #149 #150 #151 #152 #153 #154 #155
[Tue Apr 25 12:59:19 2023] .... node  #1, CPUs:   #156 #157 #158 #159 #160 #161 #162 #163 #164 #165 #166 #167 #168 #169 #170 #171 #172 #173 #174 #175 #176 #177 #178 #179 #180 #181 #182 #183 #184 #185 #186 #187 #188 #189 #190 #191 #192 #193 #194 #195 #196 #197 #198 #199 #200 #201 #202 #203 #204 #205 #206 #207
[Tue Apr 25 12:59:21 2023] smp: Brought up 2 nodes, 208 CPUs
[Tue Apr 25 12:59:21 2023] smpboot: Max logical packages: 2
[Tue Apr 25 12:59:21 2023] smpboot: Total of 208 processors activated (830056.44 BogoMIPS)
[Tue Apr 25 12:59:21 2023] devtmpfs: initialized
[Tue Apr 25 12:59:21 2023] x86/mm: Memory block size: 2048MB
[Tue Apr 25 12:59:21 2023] ACPI: PM: Registering ACPI NVS region [mem 0x74875000-0x772b3fff] (44298240 bytes)
[Tue Apr 25 12:59:21 2023] clocksource: jiffies: mask: 0xffffffff max_cycles: 0xffffffff, max_idle_ns: 1911260446275000 ns
[Tue Apr 25 12:59:21 2023] futex hash table entries: 65536 (order: 10, 4194304 bytes, vmalloc hugepage)
[Tue Apr 25 12:59:21 2023] pinctrl core: initialized pinctrl subsystem
[Tue Apr 25 12:59:21 2023] PM: RTC time: 19:59:20, date: 2023-04-25
[Tue Apr 25 12:59:21 2023] NET: Registered PF_NETLINK/PF_ROUTE protocol family
[Tue Apr 25 12:59:21 2023] DMA: preallocated 4096 KiB GFP_KERNEL pool for atomic allocations
[Tue Apr 25 12:59:21 2023] DMA: preallocated 4096 KiB GFP_KERNEL|GFP_DMA pool for atomic allocations
[Tue Apr 25 12:59:21 2023] DMA: preallocated 4096 KiB GFP_KERNEL|GFP_DMA32 pool for atomic allocations
[Tue Apr 25 12:59:21 2023] audit: initializing netlink subsys (disabled)
[Tue Apr 25 12:59:21 2023] audit: type=2000 audit(1682452759.647:1): state=initialized audit_enabled=0 res=1
[Tue Apr 25 12:59:21 2023] thermal_sys: Registered thermal governor 'fair_share'
[Tue Apr 25 12:59:21 2023] thermal_sys: Registered thermal governor 'bang_bang'
[Tue Apr 25 12:59:21 2023] thermal_sys: Registered thermal governor 'step_wise'
[Tue Apr 25 12:59:21 2023] thermal_sys: Registered thermal governor 'user_space'
[Tue Apr 25 12:59:21 2023] cpuidle: using governor menu
[Tue Apr 25 12:59:21 2023] ACPI FADT declares the system doesn't support PCIe ASPM, so disable it
[Tue Apr 25 12:59:21 2023] acpiphp: ACPI Hot Plug PCI Controller Driver version: 0.5
[Tue Apr 25 12:59:21 2023] PCI: MMCONFIG for domain 0000 [bus 00-ff] at [mem 0x80000000-0x8fffffff] (base 0x80000000)
[Tue Apr 25 12:59:21 2023] PCI: not using MMCONFIG
[Tue Apr 25 12:59:21 2023] PCI: Using configuration type 1 for base access
[Tue Apr 25 12:59:21 2023] ENERGY_PERF_BIAS: Set to 'normal', was 'performance'
[Tue Apr 25 12:59:21 2023] kprobes: kprobe jump-optimization is enabled. All kprobes are optimized if possible.
[Tue Apr 25 12:59:21 2023] HugeTLB: registered 1.00 GiB page size, pre-allocated 0 pages
[Tue Apr 25 12:59:21 2023] HugeTLB: 16380 KiB vmemmap can be freed for a 1.00 GiB page
[Tue Apr 25 12:59:21 2023] HugeTLB: registered 2.00 MiB page size, pre-allocated 0 pages
[Tue Apr 25 12:59:21 2023] HugeTLB: 28 KiB vmemmap can be freed for a 2.00 MiB page
[Tue Apr 25 12:59:21 2023] cryptd: max_cpu_qlen set to 1000
[Tue Apr 25 12:59:21 2023] raid6: skipped pq benchmark and selected avx512x4
[Tue Apr 25 12:59:21 2023] raid6: using avx512x2 recovery algorithm
[Tue Apr 25 12:59:21 2023] PRM: found 2 modules
[Tue Apr 25 12:59:21 2023] ACPI: Added _OSI(Module Device)
[Tue Apr 25 12:59:21 2023] ACPI: Added _OSI(Processor Device)
[Tue Apr 25 12:59:21 2023] ACPI: Added _OSI(3.0 _SCP Extensions)
[Tue Apr 25 12:59:21 2023] ACPI: Added _OSI(Processor Aggregator Device)
[Tue Apr 25 12:59:21 2023] ACPI: 12 ACPI AML tables successfully acquired and loaded
[Tue Apr 25 12:59:21 2023] ACPI: \_SB_.SCK0.C000: _OSC native thermal LVT Acked
[Tue Apr 25 12:59:21 2023] ACPI: Dynamic OEM Table Load:
[Tue Apr 25 12:59:21 2023] ACPI: Dynamic OEM Table Load:
[Tue Apr 25 12:59:21 2023] ACPI: Dynamic OEM Table Load:
[Tue Apr 25 12:59:22 2023] ACPI: Interpreter enabled
[Tue Apr 25 12:59:22 2023] ACPI: PM: (supports S0 S4 S5)
[Tue Apr 25 12:59:22 2023] ACPI: Using IOAPIC for interrupt routing
[Tue Apr 25 12:59:22 2023] PCI: MMCONFIG for domain 0000 [bus 00-ff] at [mem 0x80000000-0x8fffffff] (base 0x80000000)
[Tue Apr 25 12:59:22 2023] [Firmware Info]: PCI: MMCONFIG at [mem 0x80000000-0x8fffffff] not reserved in ACPI motherboard resources
[Tue Apr 25 12:59:22 2023] PCI: MMCONFIG at [mem 0x80000000-0x8fffffff] reserved as EfiMemoryMappedIO
[Tue Apr 25 12:59:22 2023] pmd_set_huge: Cannot satisfy [mem 0x80000000-0x80200000] with a huge-page mapping due to MTRR override.
[Tue Apr 25 12:59:22 2023] HEST: Table parsing has been initialized.
[Tue Apr 25 12:59:22 2023] GHES: APEI firmware first mode is enabled by APEI bit and WHEA _OSC.
[Tue Apr 25 12:59:22 2023] PCI: Using host bridge windows from ACPI; if necessary, use "pci=nocrs" and report a bug
[Tue Apr 25 12:59:22 2023] PCI: Using E820 reservations for host bridge windows
[Tue Apr 25 12:59:22 2023] ACPI: Enabled 2 GPEs in block 00 to 7F
[Tue Apr 25 12:59:22 2023] ACPI: PCI Root Bridge [PC00] (domain 0000 [bus 00-14])
[Tue Apr 25 12:59:22 2023] acpi PNP0A08:00: _OSC: OS supports [ExtendedConfig ASPM ClockPM Segments MSI EDR HPX-Type3]
[Tue Apr 25 12:59:22 2023] acpi PNP0A08:00: _OSC: platform does not support [SHPCHotplug AER LTR DPC]
[Tue Apr 25 12:59:22 2023] acpi PNP0A08:00: _OSC: OS now controls [PCIeHotplug PME PCIeCapability]
[Tue Apr 25 12:59:22 2023] acpi PNP0A08:00: FADT indicates ASPM is unsupported, using BIOS configuration
[Tue Apr 25 12:59:22 2023] PCI host bridge to bus 0000:00
[Tue Apr 25 12:59:22 2023] pci_bus 0000:00: root bus resource [io  0x0000-0x0cf7 window]
[Tue Apr 25 12:59:22 2023] pci_bus 0000:00: root bus resource [io  0x1000-0x3fff window]
[Tue Apr 25 12:59:22 2023] pci_bus 0000:00: root bus resource [mem 0x000a0000-0x000bffff window]
[Tue Apr 25 12:59:22 2023] pci_bus 0000:00: root bus resource [mem 0x000c8000-0x000cffff window]
[Tue Apr 25 12:59:22 2023] pci_bus 0000:00: root bus resource [mem 0xfe010000-0xfe010fff window]
[Tue Apr 25 12:59:22 2023] pci_bus 0000:00: root bus resource [mem 0x90040000-0x957fffff window]
[Tue Apr 25 12:59:22 2023] pci_bus 0000:00: root bus resource [mem 0x200000000000-0x200fffffffff window]
[Tue Apr 25 12:59:22 2023] pci_bus 0000:00: root bus resource [bus 00-14]
[Tue Apr 25 12:59:22 2023] pci 0000:00:00.0: [8086:09a2] type 00 class 0x088000
[Tue Apr 25 12:59:22 2023] pci 0000:00:00.1: [8086:09a4] type 00 class 0x088000
[Tue Apr 25 12:59:22 2023] pci 0000:00:00.2: [8086:09a3] type 00 class 0x088000
[Tue Apr 25 12:59:22 2023] pci 0000:00:00.4: [8086:0b23] type 00 class 0x080700
[Tue Apr 25 12:59:22 2023] pci 0000:00:0d.0: [8086:1bbd] type 01 class 0x060400
[Tue Apr 25 12:59:22 2023] pci 0000:00:0d.0: reg 0x10: [mem 0x200ffff20000-0x200ffff3ffff 64bit]
[Tue Apr 25 12:59:22 2023] pci 0000:00:0d.0: enabling Extended Tags
[Tue Apr 25 12:59:22 2023] pci 0000:00:0d.0: PME# supported from D0 D3hot D3cold
[Tue Apr 25 12:59:22 2023] pci 0000:00:0d.0: PTM enabled (root), 2ns granularity
[Tue Apr 25 12:59:22 2023] pci 0000:00:0f.0: [8086:1bbf] type 01 class 0x060400
[Tue Apr 25 12:59:22 2023] pci 0000:00:0f.0: reg 0x10: [mem 0x200ffff00000-0x200ffff1ffff 64bit]
[Tue Apr 25 12:59:22 2023] pci 0000:00:0f.0: enabling Extended Tags
[Tue Apr 25 12:59:22 2023] pci 0000:00:0f.0: PME# supported from D0 D3hot D3cold
[Tue Apr 25 12:59:22 2023] pci 0000:00:0f.0: PTM enabled (root), 2ns granularity
[Tue Apr 25 12:59:22 2023] pci 0000:00:14.0: [8086:1bcd] type 00 class 0x0c0330
[Tue Apr 25 12:59:22 2023] pci 0000:00:14.0: reg 0x10: [mem 0x200ffff40000-0x200ffff4ffff 64bit]
[Tue Apr 25 12:59:22 2023] pci 0000:00:14.0: PME# supported from D3hot D3cold
[Tue Apr 25 12:59:22 2023] pci 0000:00:14.2: [8086:1bce] type 00 class 0x050000
[Tue Apr 25 12:59:22 2023] pci 0000:00:14.2: reg 0x10: [mem 0x200ffff54000-0x200ffff57fff 64bit]
[Tue Apr 25 12:59:22 2023] pci 0000:00:14.2: reg 0x18: [mem 0x200ffff5d000-0x200ffff5dfff 64bit]
[Tue Apr 25 12:59:22 2023] pci 0000:00:14.4: [8086:1bfe] type 00 class 0x060000
[Tue Apr 25 12:59:22 2023] pci 0000:00:15.0: [8086:1bff] type 00 class 0x088000
[Tue Apr 25 12:59:22 2023] pci 0000:00:15.0: reg 0x10: [mem 0x200ffff5c000-0x200ffff5c3ff 64bit]
[Tue Apr 25 12:59:22 2023] pci 0000:00:16.0: [8086:1be0] type 00 class 0x078000
[Tue Apr 25 12:59:22 2023] pci 0000:00:16.0: reg 0x10: [mem 0x200ffff5b000-0x200ffff5bfff 64bit]
[Tue Apr 25 12:59:22 2023] pci 0000:00:16.0: PME# supported from D3hot
[Tue Apr 25 12:59:22 2023] pci 0000:00:16.1: [8086:1be1] type 00 class 0x078000
[Tue Apr 25 12:59:22 2023] pci 0000:00:16.1: reg 0x10: [mem 0x200ffff5a000-0x200ffff5afff 64bit]
[Tue Apr 25 12:59:22 2023] pci 0000:00:16.1: PME# supported from D3hot
[Tue Apr 25 12:59:22 2023] pci 0000:00:16.4: [8086:1be4] type 00 class 0x078000
[Tue Apr 25 12:59:22 2023] pci 0000:00:16.4: reg 0x10: [mem 0x200ffff59000-0x200ffff59fff 64bit]
[Tue Apr 25 12:59:22 2023] pci 0000:00:16.4: PME# supported from D3hot
[Tue Apr 25 12:59:22 2023] pci 0000:00:17.0: [8086:1ba2] type 00 class 0x010601
[Tue Apr 25 12:59:22 2023] pci 0000:00:17.0: reg 0x10: [mem 0x95300000-0x95301fff]
[Tue Apr 25 12:59:22 2023] pci 0000:00:17.0: reg 0x14: [mem 0x95304000-0x953040ff]
[Tue Apr 25 12:59:22 2023] pci 0000:00:17.0: reg 0x18: [io  0x2040-0x2047]
[Tue Apr 25 12:59:22 2023] pci 0000:00:17.0: reg 0x1c: [io  0x2048-0x204b]
[Tue Apr 25 12:59:22 2023] pci 0000:00:17.0: reg 0x20: [io  0x2020-0x203f]
[Tue Apr 25 12:59:22 2023] pci 0000:00:17.0: reg 0x24: [mem 0x95303000-0x953037ff]
[Tue Apr 25 12:59:22 2023] pci 0000:00:17.0: PME# supported from D3hot
[Tue Apr 25 12:59:22 2023] pci 0000:00:1f.0: [8086:1b81] type 00 class 0x060100
[Tue Apr 25 12:59:22 2023] pci 0000:00:1f.3: [8086:1bc8] type 00 class 0x040300
[Tue Apr 25 12:59:22 2023] pci 0000:00:1f.3: reg 0x10: [mem 0x200ffff50000-0x200ffff53fff 64bit]
[Tue Apr 25 12:59:22 2023] pci 0000:00:1f.3: PME# supported from D3hot D3cold
[Tue Apr 25 12:59:22 2023] pci 0000:00:1f.4: [8086:1bc9] type 00 class 0x0c0500
[Tue Apr 25 12:59:22 2023] pci 0000:00:1f.4: reg 0x10: [mem 0x200ffff58000-0x200ffff580ff 64bit]
[Tue Apr 25 12:59:22 2023] pci 0000:00:1f.4: reg 0x20: [io  0x2000-0x201f]
[Tue Apr 25 12:59:22 2023] pci 0000:00:1f.5: [8086:1bca] type 00 class 0x0c8000
[Tue Apr 25 12:59:22 2023] pci 0000:00:1f.5: reg 0x10: [mem 0xfe010000-0xfe010fff]
[Tue Apr 25 12:59:22 2023] pci 0000:00:1f.5: reg 0x14: [mem 0x92000000-0x93ffffff]
[Tue Apr 25 12:59:22 2023] pci 0000:01:00.0: [8086:15f2] type 00 class 0x020000
[Tue Apr 25 12:59:22 2023] pci 0000:01:00.0: reg 0x10: [mem 0x95100000-0x951fffff]
[Tue Apr 25 12:59:22 2023] pci 0000:01:00.0: reg 0x1c: [mem 0x95200000-0x95203fff]
[Tue Apr 25 12:59:22 2023] pci 0000:01:00.0: PME# supported from D0 D3hot D3cold
[Tue Apr 25 12:59:22 2023] pci 0000:00:0d.0: PCI bridge to [bus 01]
[Tue Apr 25 12:59:22 2023] pci 0000:00:0d.0:   bridge window [mem 0x95100000-0x952fffff]
[Tue Apr 25 12:59:22 2023] pci 0000:02:00.0: [1a03:1150] type 01 class 0x060400
[Tue Apr 25 12:59:22 2023] pci 0000:02:00.0: enabling Extended Tags
[Tue Apr 25 12:59:22 2023] pci 0000:02:00.0: supports D1 D2
[Tue Apr 25 12:59:22 2023] pci 0000:02:00.0: PME# supported from D0 D1 D2 D3hot D3cold
[Tue Apr 25 12:59:22 2023] pci 0000:00:0f.0: PCI bridge to [bus 02-03]
[Tue Apr 25 12:59:22 2023] pci 0000:00:0f.0:   bridge window [io  0x1000-0x1fff]
[Tue Apr 25 12:59:22 2023] pci 0000:00:0f.0:   bridge window [mem 0x94000000-0x950fffff]
[Tue Apr 25 12:59:22 2023] pci_bus 0000:03: extended config space not accessible
[Tue Apr 25 12:59:22 2023] pci 0000:03:00.0: [1a03:2000] type 00 class 0x030000
[Tue Apr 25 12:59:22 2023] pci 0000:03:00.0: reg 0x10: [mem 0x94000000-0x94ffffff]
[Tue Apr 25 12:59:22 2023] pci 0000:03:00.0: reg 0x14: [mem 0x95000000-0x9503ffff]
[Tue Apr 25 12:59:22 2023] pci 0000:03:00.0: reg 0x18: [io  0x1000-0x107f]
[Tue Apr 25 12:59:22 2023] pci 0000:03:00.0: BAR 0: assigned to efifb
[Tue Apr 25 12:59:22 2023] pci 0000:03:00.0: supports D1 D2
[Tue Apr 25 12:59:22 2023] pci 0000:03:00.0: PME# supported from D0 D1 D2 D3hot D3cold
[Tue Apr 25 12:59:22 2023] pci 0000:02:00.0: PCI bridge to [bus 03]
[Tue Apr 25 12:59:22 2023] pci 0000:02:00.0:   bridge window [io  0x1000-0x1fff]
[Tue Apr 25 12:59:22 2023] pci 0000:02:00.0:   bridge window [mem 0x94000000-0x950fffff]
[Tue Apr 25 12:59:22 2023] pci_bus 0000:00: on NUMA node 0
[Tue Apr 25 12:59:22 2023] ACPI: PCI Root Bridge [PC01] (domain 0000 [bus 15-25])
[Tue Apr 25 12:59:22 2023] acpi PNP0A08:01: _OSC: OS supports [ExtendedConfig ASPM ClockPM Segments MSI EDR HPX-Type3]
[Tue Apr 25 12:59:22 2023] acpi PNP0A08:01: _OSC: platform does not support [SHPCHotplug AER DPC]
[Tue Apr 25 12:59:22 2023] acpi PNP0A08:01: _OSC: OS now controls [PCIeHotplug PME PCIeCapability LTR]
[Tue Apr 25 12:59:22 2023] acpi PNP0A08:01: FADT indicates ASPM is unsupported, using BIOS configuration
[Tue Apr 25 12:59:22 2023] PCI host bridge to bus 0000:15
[Tue Apr 25 12:59:22 2023] pci_bus 0000:15: root bus resource [io  0x4000-0x5fff window]
[Tue Apr 25 12:59:22 2023] pci_bus 0000:15: root bus resource [mem 0x95800000-0x9f7fffff window]
[Tue Apr 25 12:59:22 2023] pci_bus 0000:15: root bus resource [mem 0x201000000000-0x204fffffffff window]
[Tue Apr 25 12:59:22 2023] pci_bus 0000:15: root bus resource [bus 15-25]
[Tue Apr 25 12:59:22 2023] pci 0000:15:00.0: [8086:09a2] type 00 class 0x088000
[Tue Apr 25 12:59:22 2023] pci 0000:15:00.1: [8086:09a4] type 00 class 0x088000
[Tue Apr 25 12:59:22 2023] pci 0000:15:00.2: [8086:09a3] type 00 class 0x088000
[Tue Apr 25 12:59:22 2023] pci 0000:15:00.4: [8086:0b23] type 00 class 0x080700
[Tue Apr 25 12:59:22 2023] pci_bus 0000:15: on NUMA node 0
[Tue Apr 25 12:59:22 2023] ACPI: PCI Root Bridge [PC02] (domain 0000 [bus 26-36])
[Tue Apr 25 12:59:22 2023] acpi PNP0A08:02: _OSC: OS supports [ExtendedConfig ASPM ClockPM Segments MSI EDR HPX-Type3]
[Tue Apr 25 12:59:22 2023] acpi PNP0A08:02: _OSC: platform does not support [SHPCHotplug AER DPC]
[Tue Apr 25 12:59:22 2023] acpi PNP0A08:02: _OSC: OS now controls [PCIeHotplug PME PCIeCapability LTR]
[Tue Apr 25 12:59:22 2023] acpi PNP0A08:02: FADT indicates ASPM is unsupported, using BIOS configuration
[Tue Apr 25 12:59:22 2023] PCI host bridge to bus 0000:26
[Tue Apr 25 12:59:22 2023] pci_bus 0000:26: root bus resource [io  0x6000-0x6fff window]
[Tue Apr 25 12:59:22 2023] pci_bus 0000:26: root bus resource [mem 0x9f800000-0xa93fffff window]
[Tue Apr 25 12:59:22 2023] pci_bus 0000:26: root bus resource [bus 26-36]
[Tue Apr 25 12:59:22 2023] pci 0000:26:00.0: [8086:09a2] type 00 class 0x088000
[Tue Apr 25 12:59:22 2023] pci 0000:26:00.1: [8086:09a4] type 00 class 0x088000
[Tue Apr 25 12:59:22 2023] pci 0000:26:00.2: [8086:09a3] type 00 class 0x088000
[Tue Apr 25 12:59:22 2023] pci 0000:26:00.4: [8086:0b23] type 00 class 0x080700
[Tue Apr 25 12:59:22 2023] pci_bus 0000:26: on NUMA node 0
[Tue Apr 25 12:59:22 2023] ACPI: PCI Root Bridge [PC03] (domain 0000 [bus 37])
[Tue Apr 25 12:59:22 2023] acpi PNP0A08:03: _OSC: OS supports [ExtendedConfig ASPM ClockPM Segments MSI EDR HPX-Type3]
[Tue Apr 25 12:59:22 2023] acpi PNP0A08:03: _OSC: platform does not support [SHPCHotplug AER DPC]
[Tue Apr 25 12:59:22 2023] acpi PNP0A08:03: _OSC: OS now controls [PCIeHotplug PME PCIeCapability LTR]
[Tue Apr 25 12:59:22 2023] acpi PNP0A08:03: FADT indicates ASPM is unsupported, using BIOS configuration
[Tue Apr 25 12:59:22 2023] PCI host bridge to bus 0000:37
[Tue Apr 25 12:59:22 2023] pci_bus 0000:37: root bus resource [io  0x7000-0x7fff window]
[Tue Apr 25 12:59:22 2023] pci_bus 0000:37: root bus resource [mem 0xb2f00000-0xb2ffffff window]
[Tue Apr 25 12:59:22 2023] pci_bus 0000:37: root bus resource [mem 0x205f00000000-0x205fffffffff window]
[Tue Apr 25 12:59:22 2023] pci_bus 0000:37: root bus resource [bus 37]
[Tue Apr 25 12:59:22 2023] pci 0000:37:00.0: [8086:09a2] type 00 class 0x088000
[Tue Apr 25 12:59:22 2023] pci 0000:37:00.1: [8086:09a4] type 00 class 0x088000
[Tue Apr 25 12:59:22 2023] pci 0000:37:00.2: [8086:09a3] type 00 class 0x088000
[Tue Apr 25 12:59:22 2023] pci 0000:37:00.4: [8086:0b23] type 00 class 0x080700
[Tue Apr 25 12:59:22 2023] pci_bus 0000:37: on NUMA node 0
[Tue Apr 25 12:59:22 2023] ACPI: PCI Root Bridge [CX03] (domain 0000 [bus 38-47])
[Tue Apr 25 12:59:22 2023] acpi ACPI0016:02: _OSC: OS supports [ExtendedConfig ASPM ClockPM Segments MSI EDR HPX-Type3]
[Tue Apr 25 12:59:22 2023] acpi ACPI0016:02: _OSC: OS supports [CXL11PortRegAccess CXL20PortDevRegAccess CXLProtocolErrorReporting CXLNativeHot]
[Tue Apr 25 12:59:22 2023] acpi ACPI0016:02: _OSC: platform does not support [SHPCHotplug AER DPC]
[Tue Apr 25 12:59:22 2023] acpi ACPI0016:02: _OSC: OS now controls [PCIeHotplug PME PCIeCapability LTR]
[Tue Apr 25 12:59:22 2023] acpi ACPI0016:02: _OSC: OS now controls [CXLMemErrorReporting]
[Tue Apr 25 12:59:22 2023] acpi ACPI0016:02: FADT indicates ASPM is unsupported, using BIOS configuration
[Tue Apr 25 12:59:22 2023] PCI host bridge to bus 0000:38
[Tue Apr 25 12:59:22 2023] pci_bus 0000:38: root bus resource [mem 0xa9600000-0xb2efffff window]
[Tue Apr 25 12:59:22 2023] pci_bus 0000:38: root bus resource [mem 0x205000000000-0x205effffffff window]
[Tue Apr 25 12:59:22 2023] pci_bus 0000:38: root bus resource [bus 38-47]
[Tue Apr 25 12:59:22 2023] pci 0000:38:00.0: [1b00:c000] type 00 class 0x050210
[Tue Apr 25 12:59:22 2023] pci 0000:38:00.0: reg 0x10: [mem 0x205eff000000-0x205effffffff 64bit pref]
[Tue Apr 25 12:59:22 2023] pci_bus 0000:38: on NUMA node 0
[Tue Apr 25 12:59:22 2023] ACPI: PCI Root Bridge [PC04] (domain 0000 [bus 48-58])
[Tue Apr 25 12:59:22 2023] acpi PNP0A08:04: _OSC: OS supports [ExtendedConfig ASPM ClockPM Segments MSI EDR HPX-Type3]
[Tue Apr 25 12:59:22 2023] acpi PNP0A08:04: _OSC: platform does not support [SHPCHotplug AER DPC]
[Tue Apr 25 12:59:22 2023] acpi PNP0A08:04: _OSC: OS now controls [PCIeHotplug PME PCIeCapability LTR]
[Tue Apr 25 12:59:22 2023] acpi PNP0A08:04: FADT indicates ASPM is unsupported, using BIOS configuration
[Tue Apr 25 12:59:22 2023] PCI host bridge to bus 0000:48
[Tue Apr 25 12:59:22 2023] pci_bus 0000:48: root bus resource [io  0x8000-0x8fff window]
[Tue Apr 25 12:59:22 2023] pci_bus 0000:48: root bus resource [mem 0xb3000000-0xbcbfffff window]
[Tue Apr 25 12:59:22 2023] pci_bus 0000:48: root bus resource [mem 0x206000000000-0x206fffffffff window]
[Tue Apr 25 12:59:22 2023] pci_bus 0000:48: root bus resource [bus 48-58]
[Tue Apr 25 12:59:22 2023] pci 0000:48:00.0: [8086:09a2] type 00 class 0x088000
[Tue Apr 25 12:59:22 2023] pci 0000:48:00.1: [8086:09a4] type 00 class 0x088000
[Tue Apr 25 12:59:22 2023] pci 0000:48:00.2: [8086:09a3] type 00 class 0x088000
[Tue Apr 25 12:59:22 2023] pci 0000:48:00.4: [8086:0b23] type 00 class 0x080700
[Tue Apr 25 12:59:22 2023] pci 0000:48:01.0: [8086:352a] type 01 class 0x060400
[Tue Apr 25 12:59:22 2023] pci 0000:48:01.0: reg 0x10: [mem 0x206ffff60000-0x206ffff7ffff 64bit]
[Tue Apr 25 12:59:22 2023] pci 0000:48:01.0: PME# supported from D0 D3hot D3cold
[Tue Apr 25 12:59:22 2023] pci 0000:48:01.0: PTM enabled (root), 2ns granularity
[Tue Apr 25 12:59:22 2023] pci 0000:48:03.0: [8086:352b] type 01 class 0x060400
[Tue Apr 25 12:59:22 2023] pci 0000:48:03.0: reg 0x10: [mem 0x206ffff40000-0x206ffff5ffff 64bit]
[Tue Apr 25 12:59:22 2023] pci 0000:48:03.0: enabling Extended Tags
[Tue Apr 25 12:59:22 2023] pci 0000:48:03.0: PME# supported from D0 D3hot D3cold
[Tue Apr 25 12:59:22 2023] pci 0000:48:03.0: PTM enabled (root), 2ns granularity
[Tue Apr 25 12:59:22 2023] pci 0000:48:05.0: [8086:352c] type 01 class 0x060400
[Tue Apr 25 12:59:22 2023] pci 0000:48:05.0: reg 0x10: [mem 0x206ffff20000-0x206ffff3ffff 64bit]
[Tue Apr 25 12:59:22 2023] pci 0000:48:05.0: enabling Extended Tags
[Tue Apr 25 12:59:22 2023] pci 0000:48:05.0: PME# supported from D0 D3hot D3cold
[Tue Apr 25 12:59:22 2023] pci 0000:48:05.0: PTM enabled (root), 2ns granularity
[Tue Apr 25 12:59:22 2023] pci 0000:48:07.0: [8086:352d] type 01 class 0x060400
[Tue Apr 25 12:59:22 2023] pci 0000:48:07.0: reg 0x10: [mem 0x206ffff00000-0x206ffff1ffff 64bit]
[Tue Apr 25 12:59:22 2023] pci 0000:48:07.0: enabling Extended Tags
[Tue Apr 25 12:59:22 2023] pci 0000:48:07.0: PME# supported from D0 D3hot D3cold
[Tue Apr 25 12:59:22 2023] pci 0000:48:07.0: PTM enabled (root), 2ns granularity
[Tue Apr 25 12:59:22 2023] pci 0000:49:00.0: [8086:0a54] type 00 class 0x010802
[Tue Apr 25 12:59:22 2023] pci 0000:49:00.0: reg 0x10: [mem 0xb4800000-0xb4803fff 64bit]
[Tue Apr 25 12:59:22 2023] pci 0000:49:00.0: reg 0x30: [mem 0xffff0000-0xffffffff pref]
[Tue Apr 25 12:59:22 2023] pci 0000:48:01.0: PCI bridge to [bus 49]
[Tue Apr 25 12:59:22 2023] pci 0000:48:01.0:   bridge window [mem 0xb4800000-0xb4ffffff]
[Tue Apr 25 12:59:22 2023] pci 0000:48:01.0:   bridge window [mem 0x206feff00000-0x206ff3efffff 64bit pref]
[Tue Apr 25 12:59:22 2023] pci 0000:48:03.0: PCI bridge to [bus 4a]
[Tue Apr 25 12:59:22 2023] pci 0000:48:03.0:   bridge window [mem 0xb4000000-0xb47fffff]
[Tue Apr 25 12:59:22 2023] pci 0000:48:03.0:   bridge window [mem 0x206ff3f00000-0x206ff7efffff 64bit pref]
[Tue Apr 25 12:59:22 2023] pci 0000:48:05.0: PCI bridge to [bus 4b]
[Tue Apr 25 12:59:22 2023] pci 0000:48:05.0:   bridge window [mem 0xb3800000-0xb3ffffff]
[Tue Apr 25 12:59:22 2023] pci 0000:48:05.0:   bridge window [mem 0x206ff7f00000-0x206ffbefffff 64bit pref]
[Tue Apr 25 12:59:22 2023] pci 0000:48:07.0: PCI bridge to [bus 4c]
[Tue Apr 25 12:59:22 2023] pci 0000:48:07.0:   bridge window [mem 0xb3000000-0xb37fffff]
[Tue Apr 25 12:59:22 2023] pci 0000:48:07.0:   bridge window [mem 0x206ffbf00000-0x206fffefffff 64bit pref]
[Tue Apr 25 12:59:22 2023] pci_bus 0000:48: on NUMA node 0
[Tue Apr 25 12:59:22 2023] ACPI: PCI Root Bridge [PC05] (domain 0000 [bus 59-69])
[Tue Apr 25 12:59:22 2023] acpi PNP0A08:05: _OSC: OS supports [ExtendedConfig ASPM ClockPM Segments MSI EDR HPX-Type3]
[Tue Apr 25 12:59:22 2023] acpi PNP0A08:05: _OSC: platform does not support [SHPCHotplug AER DPC]
[Tue Apr 25 12:59:22 2023] acpi PNP0A08:05: _OSC: OS now controls [PCIeHotplug PME PCIeCapability LTR]
[Tue Apr 25 12:59:22 2023] acpi PNP0A08:05: FADT indicates ASPM is unsupported, using BIOS configuration
[Tue Apr 25 12:59:22 2023] PCI host bridge to bus 0000:59
[Tue Apr 25 12:59:22 2023] pci_bus 0000:59: root bus resource [io  0x9000-0x9fff window]
[Tue Apr 25 12:59:22 2023] pci_bus 0000:59: root bus resource [mem 0xbcc00000-0xc67fffff window]
[Tue Apr 25 12:59:22 2023] pci_bus 0000:59: root bus resource [mem 0x207000000000-0x207fffffffff window]
[Tue Apr 25 12:59:22 2023] pci_bus 0000:59: root bus resource [bus 59-69]
[Tue Apr 25 12:59:22 2023] pci 0000:59:00.0: [8086:09a2] type 00 class 0x088000
[Tue Apr 25 12:59:22 2023] pci 0000:59:00.1: [8086:09a4] type 00 class 0x088000
[Tue Apr 25 12:59:22 2023] pci 0000:59:00.2: [8086:09a3] type 00 class 0x088000
[Tue Apr 25 12:59:22 2023] pci 0000:59:00.4: [8086:0b23] type 00 class 0x080700
[Tue Apr 25 12:59:22 2023] pci 0000:59:01.0: [8086:352a] type 01 class 0x060400
[Tue Apr 25 12:59:22 2023] pci 0000:59:01.0: reg 0x10: [mem 0x207ffff60000-0x207ffff7ffff 64bit]
[Tue Apr 25 12:59:22 2023] pci 0000:59:01.0: enabling Extended Tags
[Tue Apr 25 12:59:22 2023] pci 0000:59:01.0: PME# supported from D0 D3hot D3cold
[Tue Apr 25 12:59:22 2023] pci 0000:59:01.0: PTM enabled (root), 2ns granularity
[Tue Apr 25 12:59:22 2023] pci 0000:59:03.0: [8086:352b] type 01 class 0x060400
[Tue Apr 25 12:59:22 2023] pci 0000:59:03.0: reg 0x10: [mem 0x207ffff40000-0x207ffff5ffff 64bit]
[Tue Apr 25 12:59:22 2023] pci 0000:59:03.0: enabling Extended Tags
[Tue Apr 25 12:59:22 2023] pci 0000:59:03.0: PME# supported from D0 D3hot D3cold
[Tue Apr 25 12:59:22 2023] pci 0000:59:03.0: PTM enabled (root), 2ns granularity
[Tue Apr 25 12:59:22 2023] pci 0000:59:05.0: [8086:352c] type 01 class 0x060400
[Tue Apr 25 12:59:22 2023] pci 0000:59:05.0: reg 0x10: [mem 0x207ffff20000-0x207ffff3ffff 64bit]
[Tue Apr 25 12:59:22 2023] pci 0000:59:05.0: enabling Extended Tags
[Tue Apr 25 12:59:22 2023] pci 0000:59:05.0: PME# supported from D0 D3hot D3cold
[Tue Apr 25 12:59:22 2023] pci 0000:59:05.0: PTM enabled (root), 2ns granularity
[Tue Apr 25 12:59:22 2023] pci 0000:59:07.0: [8086:352d] type 01 class 0x060400
[Tue Apr 25 12:59:22 2023] pci 0000:59:07.0: reg 0x10: [mem 0x207ffff00000-0x207ffff1ffff 64bit]
[Tue Apr 25 12:59:22 2023] pci 0000:59:07.0: enabling Extended Tags
[Tue Apr 25 12:59:22 2023] pci 0000:59:07.0: PME# supported from D0 D3hot D3cold
[Tue Apr 25 12:59:22 2023] pci 0000:59:07.0: PTM enabled (root), 2ns granularity
[Tue Apr 25 12:59:22 2023] pci 0000:59:01.0: PCI bridge to [bus 5a]
[Tue Apr 25 12:59:22 2023] pci 0000:59:01.0:   bridge window [mem 0xbe400000-0xbebfffff]
[Tue Apr 25 12:59:22 2023] pci 0000:59:01.0:   bridge window [mem 0x207feff00000-0x207ff3efffff 64bit pref]
[Tue Apr 25 12:59:22 2023] pci 0000:59:03.0: PCI bridge to [bus 5b]
[Tue Apr 25 12:59:22 2023] pci 0000:59:03.0:   bridge window [mem 0xbdc00000-0xbe3fffff]
[Tue Apr 25 12:59:22 2023] pci 0000:59:03.0:   bridge window [mem 0x207ff3f00000-0x207ff7efffff 64bit pref]
[Tue Apr 25 12:59:22 2023] pci 0000:59:05.0: PCI bridge to [bus 5c]
[Tue Apr 25 12:59:22 2023] pci 0000:59:05.0:   bridge window [mem 0xbd400000-0xbdbfffff]
[Tue Apr 25 12:59:22 2023] pci 0000:59:05.0:   bridge window [mem 0x207ff7f00000-0x207ffbefffff 64bit pref]
[Tue Apr 25 12:59:22 2023] pci 0000:59:07.0: PCI bridge to [bus 5d]
[Tue Apr 25 12:59:22 2023] pci 0000:59:07.0:   bridge window [mem 0xbcc00000-0xbd3fffff]
[Tue Apr 25 12:59:22 2023] pci 0000:59:07.0:   bridge window [mem 0x207ffbf00000-0x207fffefffff 64bit pref]
[Tue Apr 25 12:59:22 2023] pci_bus 0000:59: on NUMA node 0
[Tue Apr 25 12:59:22 2023] ACPI: PCI Root Bridge [DI08] (domain 0000 [bus 6a-6e])
[Tue Apr 25 12:59:22 2023] acpi PNP0A08:07: _OSC: OS supports [ExtendedConfig ASPM ClockPM Segments MSI EDR HPX-Type3]
[Tue Apr 25 12:59:22 2023] acpi PNP0A08:07: _OSC: platform does not support [SHPCHotplug AER DPC]
[Tue Apr 25 12:59:22 2023] acpi PNP0A08:07: _OSC: OS now controls [PCIeHotplug PME PCIeCapability LTR]
[Tue Apr 25 12:59:22 2023] acpi PNP0A08:07: FADT indicates ASPM is unsupported, using BIOS configuration
[Tue Apr 25 12:59:22 2023] PCI host bridge to bus 0000:6a
[Tue Apr 25 12:59:22 2023] pci_bus 0000:6a: root bus resource [mem 0xc6800000-0xc6ffffff window]
[Tue Apr 25 12:59:22 2023] pci_bus 0000:6a: root bus resource [mem 0x208000000000-0x208fffffffff window]
[Tue Apr 25 12:59:22 2023] pci_bus 0000:6a: root bus resource [bus 6a-6e]
[Tue Apr 25 12:59:22 2023] pci 0000:6a:00.0: [8086:09a2] type 00 class 0x088000
[Tue Apr 25 12:59:22 2023] pci 0000:6a:00.1: [8086:09a4] type 00 class 0x088000
[Tue Apr 25 12:59:22 2023] pci 0000:6a:00.2: [8086:09a3] type 00 class 0x088000
[Tue Apr 25 12:59:22 2023] pci 0000:6a:00.4: [8086:0b23] type 00 class 0x080700
[Tue Apr 25 12:59:22 2023] pci 0000:6a:01.0: [8086:0b25] type 00 class 0x088000
[Tue Apr 25 12:59:22 2023] pci 0000:6a:01.0: reg 0x10: [mem 0x208ffff40000-0x208ffff4ffff 64bit pref]
[Tue Apr 25 12:59:22 2023] pci 0000:6a:01.0: reg 0x18: [mem 0x208ffff00000-0x208ffff1ffff 64bit pref]
[Tue Apr 25 12:59:22 2023] pci 0000:6a:03.0: [8086:09a6] type 00 class 0x088000
[Tue Apr 25 12:59:22 2023] pci 0000:6a:03.0: reg 0x10: [mem 0xc6a00000-0xc6afffff]
[Tue Apr 25 12:59:22 2023] pci 0000:6a:03.1: [8086:09a7] type 00 class 0x088000
[Tue Apr 25 12:59:22 2023] pci 0000:6a:03.1: reg 0x10: [mem 0xc6b40000-0xc6b41fff]
[Tue Apr 25 12:59:22 2023] pci 0000:6a:03.1: reg 0x14: [mem 0xc6b00000-0xc6b3ffff]
[Tue Apr 25 12:59:22 2023] pci 0000:6a:03.2: [8086:09a8] type 00 class 0x088000
[Tue Apr 25 12:59:22 2023] pci 0000:6a:03.2: reg 0x10: [mem 0xc6800000-0xc69fffff]
[Tue Apr 25 12:59:22 2023] pci 0000:6a:04.0: [8086:3456] type 00 class 0x130000
[Tue Apr 25 12:59:22 2023] pci 0000:6a:04.0: reg 0x10: [mem 0x208fffe00000-0x208fffefffff 64bit]
[Tue Apr 25 12:59:22 2023] pci 0000:6a:04.0: reg 0x18: [mem 0x208ffff50000-0x208ffff53fff 64bit]
[Tue Apr 25 12:59:22 2023] pci 0000:6a:04.0: reg 0x20: [mem 0x208ffff20000-0x208ffff3ffff 64bit]
[Tue Apr 25 12:59:22 2023] pci_bus 0000:6a: on NUMA node 0
[Tue Apr 25 12:59:22 2023] ACPI: PCI Root Bridge [DI09] (domain 0000 [bus 6f-73])
[Tue Apr 25 12:59:22 2023] acpi PNP0A08:0e: _OSC: OS supports [ExtendedConfig ASPM ClockPM Segments MSI EDR HPX-Type3]
[Tue Apr 25 12:59:22 2023] acpi PNP0A08:0e: _OSC: platform does not support [SHPCHotplug AER DPC]
[Tue Apr 25 12:59:22 2023] acpi PNP0A08:0e: _OSC: OS now controls [PCIeHotplug PME PCIeCapability LTR]
[Tue Apr 25 12:59:22 2023] acpi PNP0A08:0e: FADT indicates ASPM is unsupported, using BIOS configuration
[Tue Apr 25 12:59:22 2023] PCI host bridge to bus 0000:6f
[Tue Apr 25 12:59:22 2023] pci_bus 0000:6f: root bus resource [mem 0xc7000000-0xc77fffff window]
[Tue Apr 25 12:59:22 2023] pci_bus 0000:6f: root bus resource [mem 0x209000000000-0x209fffffffff window]
[Tue Apr 25 12:59:22 2023] pci_bus 0000:6f: root bus resource [bus 6f-73]
[Tue Apr 25 12:59:22 2023] pci 0000:6f:00.0: [8086:09a2] type 00 class 0x088000
[Tue Apr 25 12:59:22 2023] pci 0000:6f:00.1: [8086:09a4] type 00 class 0x088000
[Tue Apr 25 12:59:22 2023] pci 0000:6f:00.2: [8086:09a3] type 00 class 0x088000
[Tue Apr 25 12:59:22 2023] pci 0000:6f:00.4: [8086:0b23] type 00 class 0x080700
[Tue Apr 25 12:59:22 2023] pci 0000:6f:04.0: [8086:3456] type 00 class 0x130000
[Tue Apr 25 12:59:22 2023] pci 0000:6f:04.0: reg 0x10: [mem 0x209fffe00000-0x209fffefffff 64bit]
[Tue Apr 25 12:59:22 2023] pci 0000:6f:04.0: reg 0x18: [mem 0x209ffff20000-0x209ffff23fff 64bit]
[Tue Apr 25 12:59:22 2023] pci 0000:6f:04.0: reg 0x20: [mem 0x209ffff00000-0x209ffff1ffff 64bit]
[Tue Apr 25 12:59:22 2023] pci_bus 0000:6f: on NUMA node 0
[Tue Apr 25 12:59:22 2023] ACPI: PCI Root Bridge [DI0A] (domain 0000 [bus 74-78])
[Tue Apr 25 12:59:22 2023] acpi PNP0A08:15: _OSC: OS supports [ExtendedConfig ASPM ClockPM Segments MSI EDR HPX-Type3]
[Tue Apr 25 12:59:22 2023] acpi PNP0A08:15: _OSC: platform does not support [SHPCHotplug AER DPC]
[Tue Apr 25 12:59:22 2023] acpi PNP0A08:15: _OSC: OS now controls [PCIeHotplug PME PCIeCapability LTR]
[Tue Apr 25 12:59:22 2023] acpi PNP0A08:15: FADT indicates ASPM is unsupported, using BIOS configuration
[Tue Apr 25 12:59:22 2023] PCI host bridge to bus 0000:74
[Tue Apr 25 12:59:22 2023] pci_bus 0000:74: root bus resource [mem 0xc7800000-0xc7ffffff window]
[Tue Apr 25 12:59:22 2023] pci_bus 0000:74: root bus resource [mem 0x20a000000000-0x20afffffffff window]
[Tue Apr 25 12:59:22 2023] pci_bus 0000:74: root bus resource [bus 74-78]
[Tue Apr 25 12:59:22 2023] pci 0000:74:00.0: [8086:09a2] type 00 class 0x088000
[Tue Apr 25 12:59:22 2023] pci 0000:74:00.1: [8086:09a4] type 00 class 0x088000
[Tue Apr 25 12:59:22 2023] pci 0000:74:00.2: [8086:09a3] type 00 class 0x088000
[Tue Apr 25 12:59:22 2023] pci 0000:74:00.4: [8086:0b23] type 00 class 0x080700
[Tue Apr 25 12:59:22 2023] pci 0000:74:04.0: [8086:3456] type 00 class 0x130000
[Tue Apr 25 12:59:22 2023] pci 0000:74:04.0: reg 0x10: [mem 0x20afffe00000-0x20afffefffff 64bit]
[Tue Apr 25 12:59:22 2023] pci 0000:74:04.0: reg 0x18: [mem 0x20affff20000-0x20affff23fff 64bit]
[Tue Apr 25 12:59:22 2023] pci 0000:74:04.0: reg 0x20: [mem 0x20affff00000-0x20affff1ffff 64bit]
[Tue Apr 25 12:59:22 2023] pci_bus 0000:74: on NUMA node 0
[Tue Apr 25 12:59:22 2023] ACPI: PCI Root Bridge [DI0B] (domain 0000 [bus 79-7d])
[Tue Apr 25 12:59:22 2023] acpi PNP0A08:1c: _OSC: OS supports [ExtendedConfig ASPM ClockPM Segments MSI EDR HPX-Type3]
[Tue Apr 25 12:59:22 2023] acpi PNP0A08:1c: _OSC: platform does not support [SHPCHotplug AER DPC]
[Tue Apr 25 12:59:22 2023] acpi PNP0A08:1c: _OSC: OS now controls [PCIeHotplug PME PCIeCapability LTR]
[Tue Apr 25 12:59:22 2023] acpi PNP0A08:1c: FADT indicates ASPM is unsupported, using BIOS configuration
[Tue Apr 25 12:59:22 2023] PCI host bridge to bus 0000:79
[Tue Apr 25 12:59:22 2023] pci_bus 0000:79: root bus resource [mem 0xc8000000-0xc87fffff window]
[Tue Apr 25 12:59:22 2023] pci_bus 0000:79: root bus resource [mem 0x20b000000000-0x20bfffffffff window]
[Tue Apr 25 12:59:22 2023] pci_bus 0000:79: root bus resource [bus 79-7d]
[Tue Apr 25 12:59:22 2023] pci 0000:79:00.0: [8086:09a2] type 00 class 0x088000
[Tue Apr 25 12:59:22 2023] pci 0000:79:00.1: [8086:09a4] type 00 class 0x088000
[Tue Apr 25 12:59:22 2023] pci 0000:79:00.2: [8086:09a3] type 00 class 0x088000
[Tue Apr 25 12:59:22 2023] pci 0000:79:00.4: [8086:0b23] type 00 class 0x080700
[Tue Apr 25 12:59:22 2023] pci 0000:79:04.0: [8086:3456] type 00 class 0x130000
[Tue Apr 25 12:59:22 2023] pci 0000:79:04.0: reg 0x10: [mem 0x20bfffe00000-0x20bfffefffff 64bit]
[Tue Apr 25 12:59:22 2023] pci 0000:79:04.0: reg 0x18: [mem 0x20bffff20000-0x20bffff23fff 64bit]
[Tue Apr 25 12:59:22 2023] pci 0000:79:04.0: reg 0x20: [mem 0x20bffff00000-0x20bffff1ffff 64bit]
[Tue Apr 25 12:59:22 2023] pci_bus 0000:79: on NUMA node 0
[Tue Apr 25 12:59:22 2023] ACPI: PCI Root Bridge [UB00] (domain 0000 [bus 7e])
[Tue Apr 25 12:59:22 2023] acpi PNP0A03:00: _OSC: OS supports [ExtendedConfig ASPM ClockPM Segments MSI EDR HPX-Type3]
[Tue Apr 25 12:59:22 2023] acpi PNP0A03:00: _OSC: platform does not support [SHPCHotplug AER LTR DPC]
[Tue Apr 25 12:59:22 2023] acpi PNP0A03:00: _OSC: OS now controls [PCIeHotplug PME PCIeCapability]
[Tue Apr 25 12:59:22 2023] acpi PNP0A03:00: FADT indicates ASPM is unsupported, using BIOS configuration
[Tue Apr 25 12:59:22 2023] PCI host bridge to bus 0000:7e
[Tue Apr 25 12:59:22 2023] pci_bus 0000:7e: root bus resource [bus 7e]
[Tue Apr 25 12:59:22 2023] pci 0000:7e:00.0: [8086:3250] type 00 class 0x088000
[Tue Apr 25 12:59:22 2023] pci 0000:7e:00.1: [8086:3251] type 00 class 0x088000
[Tue Apr 25 12:59:22 2023] pci 0000:7e:00.2: [8086:3252] type 00 class 0x088000
[Tue Apr 25 12:59:22 2023] pci 0000:7e:00.3: [8086:0998] type 00 class 0x060000
[Tue Apr 25 12:59:22 2023] pci 0000:7e:00.5: [8086:3255] type 00 class 0x088000
[Tue Apr 25 12:59:22 2023] pci 0000:7e:01.0: [8086:3240] type 00 class 0x088000
[Tue Apr 25 12:59:22 2023] pci 0000:7e:01.1: [8086:3241] type 00 class 0x088000
[Tue Apr 25 12:59:22 2023] pci 0000:7e:01.2: [8086:3242] type 00 class 0x088000
[Tue Apr 25 12:59:22 2023] pci 0000:7e:02.0: [8086:3240] type 00 class 0x088000
[Tue Apr 25 12:59:22 2023] pci 0000:7e:02.1: [8086:3241] type 00 class 0x088000
[Tue Apr 25 12:59:22 2023] pci 0000:7e:02.2: [8086:3242] type 00 class 0x088000
[Tue Apr 25 12:59:22 2023] pci 0000:7e:03.0: [8086:3240] type 00 class 0x088000
[Tue Apr 25 12:59:22 2023] pci 0000:7e:03.1: [8086:3241] type 00 class 0x088000
[Tue Apr 25 12:59:22 2023] pci 0000:7e:03.2: [8086:3242] type 00 class 0x088000
[Tue Apr 25 12:59:22 2023] pci 0000:7e:04.0: [8086:3240] type 00 class 0x088000
[Tue Apr 25 12:59:22 2023] pci 0000:7e:04.1: [8086:3241] type 00 class 0x088000
[Tue Apr 25 12:59:22 2023] pci 0000:7e:04.2: [8086:3242] type 00 class 0x088000
[Tue Apr 25 12:59:22 2023] pci 0000:7e:05.0: [8086:3245] type 00 class 0x088000
[Tue Apr 25 12:59:22 2023] pci 0000:7e:05.1: [8086:3246] type 00 class 0x088000
[Tue Apr 25 12:59:22 2023] pci 0000:7e:05.2: [8086:3247] type 00 class 0x088000
[Tue Apr 25 12:59:22 2023] pci 0000:7e:06.0: [8086:3245] type 00 class 0x088000
[Tue Apr 25 12:59:22 2023] pci 0000:7e:06.1: [8086:3246] type 00 class 0x088000
[Tue Apr 25 12:59:22 2023] pci 0000:7e:06.2: [8086:3247] type 00 class 0x088000
[Tue Apr 25 12:59:22 2023] pci 0000:7e:07.0: [8086:3245] type 00 class 0x088000
[Tue Apr 25 12:59:22 2023] pci 0000:7e:07.1: [8086:3246] type 00 class 0x088000
[Tue Apr 25 12:59:22 2023] pci 0000:7e:07.2: [8086:3247] type 00 class 0x088000
[Tue Apr 25 12:59:22 2023] pci 0000:7e:08.0: [8086:3245] type 00 class 0x088000
[Tue Apr 25 12:59:22 2023] pci 0000:7e:08.1: [8086:3246] type 00 class 0x088000
[Tue Apr 25 12:59:22 2023] pci 0000:7e:08.2: [8086:3247] type 00 class 0x088000
[Tue Apr 25 12:59:22 2023] pci 0000:7e:0c.0: [8086:324a] type 00 class 0x110100
[Tue Apr 25 12:59:22 2023] pci 0000:7e:0d.0: [8086:324a] type 00 class 0x110100
[Tue Apr 25 12:59:22 2023] pci 0000:7e:0e.0: [8086:324a] type 00 class 0x110100
[Tue Apr 25 12:59:22 2023] pci 0000:7e:0f.0: [8086:324a] type 00 class 0x110100
[Tue Apr 25 12:59:22 2023] pci 0000:7e:1a.0: [8086:2880] type 00 class 0x110100
[Tue Apr 25 12:59:22 2023] pci 0000:7e:1b.0: [8086:2880] type 00 class 0x110100
[Tue Apr 25 12:59:22 2023] pci 0000:7e:1c.0: [8086:2880] type 00 class 0x110100
[Tue Apr 25 12:59:22 2023] pci 0000:7e:1d.0: [8086:2880] type 00 class 0x110100
[Tue Apr 25 12:59:22 2023] pci_bus 0000:7e: on NUMA node 0
[Tue Apr 25 12:59:22 2023] ACPI: PCI Root Bridge [UB01] (domain 0000 [bus 7f])
[Tue Apr 25 12:59:22 2023] acpi PNP0A03:01: _OSC: OS supports [ExtendedConfig ASPM ClockPM Segments MSI EDR HPX-Type3]
[Tue Apr 25 12:59:22 2023] acpi PNP0A03:01: _OSC: platform does not support [SHPCHotplug AER LTR DPC]
[Tue Apr 25 12:59:22 2023] acpi PNP0A03:01: _OSC: OS now controls [PCIeHotplug PME PCIeCapability]
[Tue Apr 25 12:59:22 2023] acpi PNP0A03:01: FADT indicates ASPM is unsupported, using BIOS configuration
[Tue Apr 25 12:59:22 2023] PCI host bridge to bus 0000:7f
[Tue Apr 25 12:59:22 2023] pci_bus 0000:7f: root bus resource [bus 7f]
[Tue Apr 25 12:59:22 2023] pci 0000:7f:00.0: [8086:324c] type 00 class 0x088000
[Tue Apr 25 12:59:22 2023] pci 0000:7f:00.1: [8086:324c] type 00 class 0x088000
[Tue Apr 25 12:59:22 2023] pci 0000:7f:00.2: [8086:324c] type 00 class 0x088000
[Tue Apr 25 12:59:22 2023] pci 0000:7f:00.3: [8086:324c] type 00 class 0x088000
[Tue Apr 25 12:59:22 2023] pci 0000:7f:00.4: [8086:324c] type 00 class 0x088000
[Tue Apr 25 12:59:22 2023] pci 0000:7f:00.5: [8086:324c] type 00 class 0x088000
[Tue Apr 25 12:59:22 2023] pci 0000:7f:00.6: [8086:324c] type 00 class 0x088000
[Tue Apr 25 12:59:22 2023] pci 0000:7f:00.7: [8086:324c] type 00 class 0x088000
[Tue Apr 25 12:59:22 2023] pci 0000:7f:01.0: [8086:324c] type 00 class 0x088000
[Tue Apr 25 12:59:22 2023] pci 0000:7f:01.1: [8086:324c] type 00 class 0x088000
[Tue Apr 25 12:59:22 2023] pci 0000:7f:01.2: [8086:324c] type 00 class 0x088000
[Tue Apr 25 12:59:22 2023] pci 0000:7f:01.3: [8086:324c] type 00 class 0x088000
[Tue Apr 25 12:59:22 2023] pci 0000:7f:01.4: [8086:324c] type 00 class 0x088000
[Tue Apr 25 12:59:22 2023] pci 0000:7f:01.5: [8086:324c] type 00 class 0x088000
[Tue Apr 25 12:59:22 2023] pci 0000:7f:01.6: [8086:324c] type 00 class 0x088000
[Tue Apr 25 12:59:22 2023] pci 0000:7f:01.7: [8086:324c] type 00 class 0x088000
[Tue Apr 25 12:59:22 2023] pci 0000:7f:02.0: [8086:324c] type 00 class 0x088000
[Tue Apr 25 12:59:22 2023] pci 0000:7f:02.1: [8086:324c] type 00 class 0x088000
[Tue Apr 25 12:59:22 2023] pci 0000:7f:02.2: [8086:324c] type 00 class 0x088000
[Tue Apr 25 12:59:22 2023] pci 0000:7f:02.3: [8086:324c] type 00 class 0x088000
[Tue Apr 25 12:59:22 2023] pci 0000:7f:02.4: [8086:324c] type 00 class 0x088000
[Tue Apr 25 12:59:22 2023] pci 0000:7f:02.5: [8086:324c] type 00 class 0x088000
[Tue Apr 25 12:59:22 2023] pci 0000:7f:02.6: [8086:324c] type 00 class 0x088000
[Tue Apr 25 12:59:22 2023] pci 0000:7f:02.7: [8086:324c] type 00 class 0x088000
[Tue Apr 25 12:59:22 2023] pci 0000:7f:03.0: [8086:324c] type 00 class 0x088000
[Tue Apr 25 12:59:22 2023] pci 0000:7f:03.1: [8086:324c] type 00 class 0x088000
[Tue Apr 25 12:59:22 2023] pci 0000:7f:03.2: [8086:324c] type 00 class 0x088000
[Tue Apr 25 12:59:22 2023] pci 0000:7f:03.3: [8086:324c] type 00 class 0x088000
[Tue Apr 25 12:59:22 2023] pci 0000:7f:03.4: [8086:324c] type 00 class 0x088000
[Tue Apr 25 12:59:22 2023] pci 0000:7f:03.5: [8086:324c] type 00 class 0x088000
[Tue Apr 25 12:59:22 2023] pci 0000:7f:03.6: [8086:324c] type 00 class 0x088000
[Tue Apr 25 12:59:22 2023] pci 0000:7f:03.7: [8086:324c] type 00 class 0x088000
[Tue Apr 25 12:59:22 2023] pci 0000:7f:04.0: [8086:324c] type 00 class 0x088000
[Tue Apr 25 12:59:22 2023] pci 0000:7f:04.1: [8086:324c] type 00 class 0x088000
[Tue Apr 25 12:59:22 2023] pci 0000:7f:04.2: [8086:324c] type 00 class 0x088000
[Tue Apr 25 12:59:22 2023] pci 0000:7f:04.3: [8086:324c] type 00 class 0x088000
[Tue Apr 25 12:59:22 2023] pci 0000:7f:04.4: [8086:324c] type 00 class 0x088000
[Tue Apr 25 12:59:22 2023] pci 0000:7f:04.5: [8086:324c] type 00 class 0x088000
[Tue Apr 25 12:59:22 2023] pci 0000:7f:04.6: [8086:324c] type 00 class 0x088000
[Tue Apr 25 12:59:22 2023] pci 0000:7f:04.7: [8086:324c] type 00 class 0x088000
[Tue Apr 25 12:59:22 2023] pci 0000:7f:05.0: [8086:324c] type 00 class 0x088000
[Tue Apr 25 12:59:22 2023] pci 0000:7f:05.1: [8086:324c] type 00 class 0x088000
[Tue Apr 25 12:59:22 2023] pci 0000:7f:05.2: [8086:324c] type 00 class 0x088000
[Tue Apr 25 12:59:22 2023] pci 0000:7f:05.3: [8086:324c] type 00 class 0x088000
[Tue Apr 25 12:59:22 2023] pci 0000:7f:05.4: [8086:324c] type 00 class 0x088000
[Tue Apr 25 12:59:22 2023] pci 0000:7f:05.5: [8086:324c] type 00 class 0x088000
[Tue Apr 25 12:59:22 2023] pci 0000:7f:05.6: [8086:324c] type 00 class 0x088000
[Tue Apr 25 12:59:22 2023] pci 0000:7f:05.7: [8086:324c] type 00 class 0x088000
[Tue Apr 25 12:59:22 2023] pci 0000:7f:06.0: [8086:324c] type 00 class 0x088000
[Tue Apr 25 12:59:22 2023] pci 0000:7f:06.1: [8086:324c] type 00 class 0x088000
[Tue Apr 25 12:59:22 2023] pci 0000:7f:06.2: [8086:324c] type 00 class 0x088000
[Tue Apr 25 12:59:22 2023] pci 0000:7f:06.3: [8086:324c] type 00 class 0x088000
[Tue Apr 25 12:59:22 2023] pci 0000:7f:06.4: [8086:324c] type 00 class 0x088000
[Tue Apr 25 12:59:22 2023] pci 0000:7f:06.5: [8086:324c] type 00 class 0x088000
[Tue Apr 25 12:59:22 2023] pci 0000:7f:06.6: [8086:324c] type 00 class 0x088000
[Tue Apr 25 12:59:22 2023] pci 0000:7f:06.7: [8086:324c] type 00 class 0x088000
[Tue Apr 25 12:59:22 2023] pci 0000:7f:07.0: [8086:324c] type 00 class 0x088000
[Tue Apr 25 12:59:22 2023] pci 0000:7f:07.1: [8086:324c] type 00 class 0x088000
[Tue Apr 25 12:59:22 2023] pci 0000:7f:07.2: [8086:324c] type 00 class 0x088000
[Tue Apr 25 12:59:22 2023] pci 0000:7f:07.3: [8086:324c] type 00 class 0x088000
[Tue Apr 25 12:59:22 2023] pci 0000:7f:0a.0: [8086:324d] type 00 class 0x088000
[Tue Apr 25 12:59:22 2023] pci 0000:7f:0a.1: [8086:324d] type 00 class 0x088000
[Tue Apr 25 12:59:22 2023] pci 0000:7f:0a.2: [8086:324d] type 00 class 0x088000
[Tue Apr 25 12:59:22 2023] pci 0000:7f:0a.3: [8086:324d] type 00 class 0x088000
[Tue Apr 25 12:59:22 2023] pci 0000:7f:0a.4: [8086:324d] type 00 class 0x088000
[Tue Apr 25 12:59:22 2023] pci 0000:7f:0a.5: [8086:324d] type 00 class 0x088000
[Tue Apr 25 12:59:22 2023] pci 0000:7f:0a.6: [8086:324d] type 00 class 0x088000
[Tue Apr 25 12:59:22 2023] pci 0000:7f:0a.7: [8086:324d] type 00 class 0x088000
[Tue Apr 25 12:59:22 2023] pci 0000:7f:0b.0: [8086:324d] type 00 class 0x088000
[Tue Apr 25 12:59:22 2023] pci 0000:7f:0b.1: [8086:324d] type 00 class 0x088000
[Tue Apr 25 12:59:22 2023] pci 0000:7f:0b.2: [8086:324d] type 00 class 0x088000
[Tue Apr 25 12:59:22 2023] pci 0000:7f:0b.3: [8086:324d] type 00 class 0x088000
[Tue Apr 25 12:59:22 2023] pci 0000:7f:0b.4: [8086:324d] type 00 class 0x088000
[Tue Apr 25 12:59:22 2023] pci 0000:7f:0b.5: [8086:324d] type 00 class 0x088000
[Tue Apr 25 12:59:22 2023] pci 0000:7f:0b.6: [8086:324d] type 00 class 0x088000
[Tue Apr 25 12:59:22 2023] pci 0000:7f:0b.7: [8086:324d] type 00 class 0x088000
[Tue Apr 25 12:59:22 2023] pci 0000:7f:0c.0: [8086:324d] type 00 class 0x088000
[Tue Apr 25 12:59:22 2023] pci 0000:7f:0c.1: [8086:324d] type 00 class 0x088000
[Tue Apr 25 12:59:22 2023] pci 0000:7f:0c.2: [8086:324d] type 00 class 0x088000
[Tue Apr 25 12:59:22 2023] pci 0000:7f:0c.3: [8086:324d] type 00 class 0x088000
[Tue Apr 25 12:59:22 2023] pci 0000:7f:0c.4: [8086:324d] type 00 class 0x088000
[Tue Apr 25 12:59:22 2023] pci 0000:7f:0c.5: [8086:324d] type 00 class 0x088000
[Tue Apr 25 12:59:22 2023] pci 0000:7f:0c.6: [8086:324d] type 00 class 0x088000
[Tue Apr 25 12:59:22 2023] pci 0000:7f:0c.7: [8086:324d] type 00 class 0x088000
[Tue Apr 25 12:59:22 2023] pci 0000:7f:0d.0: [8086:324d] type 00 class 0x088000
[Tue Apr 25 12:59:22 2023] pci 0000:7f:0d.1: [8086:324d] type 00 class 0x088000
[Tue Apr 25 12:59:22 2023] pci 0000:7f:0d.2: [8086:324d] type 00 class 0x088000
[Tue Apr 25 12:59:22 2023] pci 0000:7f:0d.3: [8086:324d] type 00 class 0x088000
[Tue Apr 25 12:59:22 2023] pci 0000:7f:0d.4: [8086:324d] type 00 class 0x088000
[Tue Apr 25 12:59:22 2023] pci 0000:7f:0d.5: [8086:324d] type 00 class 0x088000
[Tue Apr 25 12:59:22 2023] pci 0000:7f:0d.6: [8086:324d] type 00 class 0x088000
[Tue Apr 25 12:59:22 2023] pci 0000:7f:0d.7: [8086:324d] type 00 class 0x088000
[Tue Apr 25 12:59:22 2023] pci 0000:7f:0e.0: [8086:324d] type 00 class 0x088000
[Tue Apr 25 12:59:22 2023] pci 0000:7f:0e.1: [8086:324d] type 00 class 0x088000
[Tue Apr 25 12:59:22 2023] pci 0000:7f:0e.2: [8086:324d] type 00 class 0x088000
[Tue Apr 25 12:59:22 2023] pci 0000:7f:0e.3: [8086:324d] type 00 class 0x088000
[Tue Apr 25 12:59:22 2023] pci 0000:7f:0e.4: [8086:324d] type 00 class 0x088000
[Tue Apr 25 12:59:22 2023] pci 0000:7f:0e.5: [8086:324d] type 00 class 0x088000
[Tue Apr 25 12:59:22 2023] pci 0000:7f:0e.6: [8086:324d] type 00 class 0x088000
[Tue Apr 25 12:59:22 2023] pci 0000:7f:0e.7: [8086:324d] type 00 class 0x088000
[Tue Apr 25 12:59:22 2023] pci 0000:7f:0f.0: [8086:324d] type 00 class 0x088000
[Tue Apr 25 12:59:22 2023] pci 0000:7f:0f.1: [8086:324d] type 00 class 0x088000
[Tue Apr 25 12:59:22 2023] pci 0000:7f:0f.2: [8086:324d] type 00 class 0x088000
[Tue Apr 25 12:59:22 2023] pci 0000:7f:0f.3: [8086:324d] type 00 class 0x088000
[Tue Apr 25 12:59:22 2023] pci 0000:7f:0f.4: [8086:324d] type 00 class 0x088000
[Tue Apr 25 12:59:22 2023] pci 0000:7f:0f.5: [8086:324d] type 00 class 0x088000
[Tue Apr 25 12:59:22 2023] pci 0000:7f:0f.6: [8086:324d] type 00 class 0x088000
[Tue Apr 25 12:59:22 2023] pci 0000:7f:0f.7: [8086:324d] type 00 class 0x088000
[Tue Apr 25 12:59:22 2023] pci 0000:7f:10.0: [8086:324d] type 00 class 0x088000
[Tue Apr 25 12:59:22 2023] pci 0000:7f:10.1: [8086:324d] type 00 class 0x088000
[Tue Apr 25 12:59:22 2023] pci 0000:7f:10.2: [8086:324d] type 00 class 0x088000
[Tue Apr 25 12:59:22 2023] pci 0000:7f:10.3: [8086:324d] type 00 class 0x088000
[Tue Apr 25 12:59:22 2023] pci 0000:7f:10.4: [8086:324d] type 00 class 0x088000
[Tue Apr 25 12:59:22 2023] pci 0000:7f:10.5: [8086:324d] type 00 class 0x088000
[Tue Apr 25 12:59:22 2023] pci 0000:7f:10.6: [8086:324d] type 00 class 0x088000
[Tue Apr 25 12:59:22 2023] pci 0000:7f:10.7: [8086:324d] type 00 class 0x088000
[Tue Apr 25 12:59:22 2023] pci 0000:7f:11.0: [8086:324d] type 00 class 0x088000
[Tue Apr 25 12:59:22 2023] pci 0000:7f:11.1: [8086:324d] type 00 class 0x088000
[Tue Apr 25 12:59:22 2023] pci 0000:7f:11.2: [8086:324d] type 00 class 0x088000
[Tue Apr 25 12:59:22 2023] pci 0000:7f:11.3: [8086:324d] type 00 class 0x088000
[Tue Apr 25 12:59:22 2023] pci 0000:7f:1d.0: [8086:344f] type 00 class 0x088000
[Tue Apr 25 12:59:22 2023] pci 0000:7f:1d.1: [8086:3457] type 00 class 0x088000
[Tue Apr 25 12:59:22 2023] pci 0000:7f:1e.0: [8086:3258] type 00 class 0x088000
[Tue Apr 25 12:59:22 2023] pci 0000:7f:1e.1: [8086:3259] type 00 class 0x088000
[Tue Apr 25 12:59:22 2023] pci 0000:7f:1e.2: [8086:325a] type 00 class 0x088000
[Tue Apr 25 12:59:22 2023] pci 0000:7f:1e.3: [8086:325b] type 00 class 0x088000
[Tue Apr 25 12:59:22 2023] pci 0000:7f:1e.4: [8086:325c] type 00 class 0x088000
[Tue Apr 25 12:59:22 2023] pci 0000:7f:1e.5: [8086:325d] type 00 class 0x088000
[Tue Apr 25 12:59:22 2023] pci 0000:7f:1e.6: [8086:325e] type 00 class 0x088000
[Tue Apr 25 12:59:22 2023] pci 0000:7f:1e.7: [8086:325f] type 00 class 0x088000
[Tue Apr 25 12:59:22 2023] pci_bus 0000:7f: on NUMA node 0
[Tue Apr 25 12:59:22 2023] ACPI: PCI Root Bridge [PC11] (domain 0000 [bus 97-a6])
[Tue Apr 25 12:59:22 2023] acpi PNP0A08:24: _OSC: OS supports [ExtendedConfig ASPM ClockPM Segments MSI EDR HPX-Type3]
[Tue Apr 25 12:59:22 2023] acpi PNP0A08:24: _OSC: platform does not support [SHPCHotplug AER DPC]
[Tue Apr 25 12:59:22 2023] acpi PNP0A08:24: _OSC: OS now controls [PCIeHotplug PME PCIeCapability LTR]
[Tue Apr 25 12:59:22 2023] acpi PNP0A08:24: FADT indicates ASPM is unsupported, using BIOS configuration
[Tue Apr 25 12:59:22 2023] PCI host bridge to bus 0000:97
[Tue Apr 25 12:59:22 2023] pci_bus 0000:97: root bus resource [io  0xb000-0xbfff window]
[Tue Apr 25 12:59:22 2023] pci_bus 0000:97: root bus resource [mem 0xd1400000-0xd97fffff window]
[Tue Apr 25 12:59:22 2023] pci_bus 0000:97: root bus resource [mem 0x20c000000000-0x20cfffffffff window]
[Tue Apr 25 12:59:22 2023] pci_bus 0000:97: root bus resource [bus 97-a6]
[Tue Apr 25 12:59:22 2023] pci 0000:97:00.0: [8086:09a2] type 00 class 0x088000
[Tue Apr 25 12:59:22 2023] pci 0000:97:00.1: [8086:09a4] type 00 class 0x088000
[Tue Apr 25 12:59:22 2023] pci 0000:97:00.2: [8086:09a3] type 00 class 0x088000
[Tue Apr 25 12:59:22 2023] pci 0000:97:00.4: [8086:0b23] type 00 class 0x080700
[Tue Apr 25 12:59:22 2023] pci 0000:97:01.0: [8086:352a] type 01 class 0x060400
[Tue Apr 25 12:59:22 2023] pci 0000:97:01.0: reg 0x10: [mem 0x20cffff00000-0x20cffff1ffff 64bit]
[Tue Apr 25 12:59:22 2023] pci 0000:97:01.0: enabling Extended Tags
[Tue Apr 25 12:59:22 2023] pci 0000:97:01.0: PME# supported from D0 D3hot D3cold
[Tue Apr 25 12:59:22 2023] pci 0000:97:01.0: PTM enabled (root), 2ns granularity
[Tue Apr 25 12:59:22 2023] pci 0000:97:01.0: PCI bridge to [bus 98]
[Tue Apr 25 12:59:22 2023] pci_bus 0000:97: on NUMA node 1
[Tue Apr 25 12:59:22 2023] ACPI: PCI Root Bridge [PC12] (domain 0000 [bus a7-b6])
[Tue Apr 25 12:59:22 2023] acpi PNP0A08:25: _OSC: OS supports [ExtendedConfig ASPM ClockPM Segments MSI EDR HPX-Type3]
[Tue Apr 25 12:59:22 2023] acpi PNP0A08:25: _OSC: platform does not support [SHPCHotplug AER DPC]
[Tue Apr 25 12:59:22 2023] acpi PNP0A08:25: _OSC: OS now controls [PCIeHotplug PME PCIeCapability LTR]
[Tue Apr 25 12:59:22 2023] acpi PNP0A08:25: FADT indicates ASPM is unsupported, using BIOS configuration
[Tue Apr 25 12:59:22 2023] PCI host bridge to bus 0000:a7
[Tue Apr 25 12:59:22 2023] pci_bus 0000:a7: root bus resource [io  0xc000-0xcfff window]
[Tue Apr 25 12:59:22 2023] pci_bus 0000:a7: root bus resource [mem 0xd9800000-0xe17fffff window]
[Tue Apr 25 12:59:22 2023] pci_bus 0000:a7: root bus resource [bus a7-b6]
[Tue Apr 25 12:59:22 2023] pci 0000:a7:00.0: [8086:09a2] type 00 class 0x088000
[Tue Apr 25 12:59:22 2023] pci 0000:a7:00.1: [8086:09a4] type 00 class 0x088000
[Tue Apr 25 12:59:22 2023] pci 0000:a7:00.2: [8086:09a3] type 00 class 0x088000
[Tue Apr 25 12:59:22 2023] pci 0000:a7:00.4: [8086:0b23] type 00 class 0x080700
[Tue Apr 25 12:59:22 2023] pci_bus 0000:a7: on NUMA node 1
[Tue Apr 25 12:59:22 2023] ACPI: PCI Root Bridge [PC13] (domain 0000 [bus b7-c6])
[Tue Apr 25 12:59:22 2023] acpi PNP0A08:26: _OSC: OS supports [ExtendedConfig ASPM ClockPM Segments MSI EDR HPX-Type3]
[Tue Apr 25 12:59:22 2023] acpi PNP0A08:26: _OSC: platform does not support [SHPCHotplug AER DPC]
[Tue Apr 25 12:59:22 2023] acpi PNP0A08:26: _OSC: OS now controls [PCIeHotplug PME PCIeCapability LTR]
[Tue Apr 25 12:59:22 2023] acpi PNP0A08:26: FADT indicates ASPM is unsupported, using BIOS configuration
[Tue Apr 25 12:59:22 2023] PCI host bridge to bus 0000:b7
[Tue Apr 25 12:59:22 2023] pci_bus 0000:b7: root bus resource [io  0xd000-0xdfff window]
[Tue Apr 25 12:59:22 2023] pci_bus 0000:b7: root bus resource [mem 0xe1800000-0xe97fffff window]
[Tue Apr 25 12:59:22 2023] pci_bus 0000:b7: root bus resource [bus b7-c6]
[Tue Apr 25 12:59:22 2023] pci 0000:b7:00.0: [8086:09a2] type 00 class 0x088000
[Tue Apr 25 12:59:22 2023] pci 0000:b7:00.1: [8086:09a4] type 00 class 0x088000
[Tue Apr 25 12:59:22 2023] pci 0000:b7:00.2: [8086:09a3] type 00 class 0x088000
